Component: ARM Compiler 5.06 update 1 (build 61) Tool: armlink [4d35a8]

==============================================================================

Section Cross References

    startup_stm32f10x_md.o(RESET) refers to startup_stm32f10x_md.o(STACK) for __initial_sp
    startup_stm32f10x_md.o(RESET) refers to startup_stm32f10x_md.o(.text) for Reset_Handler
    startup_stm32f10x_md.o(RESET) refers to stm32f10x_it.o(.text) for NMI_Handler
    startup_stm32f10x_md.o(RESET) refers to rtc.o(.text) for RTC_IRQHandler
    startup_stm32f10x_md.o(RESET) refers to usart.o(.text) for USART1_IRQHandler
    startup_stm32f10x_md.o(.text) refers to system_stm32f10x.o(.text) for SystemInit
    startup_stm32f10x_md.o(.text) refers to entry.o(.ARM.Collect$$$$00000000) for __main
    main.o(.text) refers to smartbox.o(.text) for Sys_Init
    main.o(.text) refers to systick.o(.text) for Delay_ms
    main.o(.text) refers to stm32f10x_usart.o(.text) for USART_SendData
    stm32f10x_it.o(.text) refers to stm32f10x_gpio.o(.text) for GPIO_WriteBit
    stm32f10x_it.o(.text) refers to stm32f10x_it.o(.data) for Systick_Counter
    smartbox.o(.text) refers to 24c02.o(.text) for I2C_ReadByte
    smartbox.o(.text) refers to hmi.o(.text) for Hmi_Send
    smartbox.o(.text) refers to lcd12864.o(.text) for LCD12864_Clear
    smartbox.o(.text) refers to memcpya.o(.text) for __aeabi_memcpy4
    smartbox.o(.text) refers to sim900a.o(.text) for Sim900a_Init
    smartbox.o(.text) refers to syn6288.o(.text) for SYN_Init
    smartbox.o(.text) refers to ccd.o(.text) for LV4CCD_Init
    smartbox.o(.text) refers to systick.o(.text) for Delay_ms
    smartbox.o(.text) refers to led.o(.text) for LED_GPIO_Config
    smartbox.o(.text) refers to lock.o(.text) for Decoder_GPIO_Config
    smartbox.o(.text) refers to usart.o(.text) for USART1_Config
    smartbox.o(.text) refers to rtc.o(.text) for RTC_Init
    smartbox.o(.text) refers to rand.o(.text) for srand
    smartbox.o(.text) refers to dflti.o(.text) for __aeabi_i2d
    smartbox.o(.text) refers to dmul.o(.text) for __aeabi_dmul
    smartbox.o(.text) refers to ddiv.o(.text) for __aeabi_ddiv
    smartbox.o(.text) refers to dfixi.o(.text) for __aeabi_d2iz
    smartbox.o(.text) refers to smartbox.o(.bss) for SmartBox_DataBase
    smartbox.o(.text) refers to 24c02.o(.bss) for ReadBuffer
    smartbox.o(.text) refers to smartbox.o(.data) for Ascii_buf
    smartbox.o(.text) refers to stm32f10x_it.o(.data) for Systick_Counter
    smartbox.o(.text) refers to usart.o(.bss) for UART_DATA
    stm32f10x_adc.o(.text) refers to stm32f10x_rcc.o(.text) for RCC_APB2PeriphResetCmd
    stm32f10x_bkp.o(.text) refers to stm32f10x_rcc.o(.text) for RCC_BackupResetCmd
    stm32f10x_can.o(.text) refers to stm32f10x_rcc.o(.text) for RCC_APB1PeriphResetCmd
    stm32f10x_cec.o(.text) refers to stm32f10x_rcc.o(.text) for RCC_APB1PeriphResetCmd
    stm32f10x_dac.o(.text) refers to stm32f10x_rcc.o(.text) for RCC_APB1PeriphResetCmd
    stm32f10x_gpio.o(.text) refers to stm32f10x_rcc.o(.text) for RCC_APB2PeriphResetCmd
    stm32f10x_i2c.o(.text) refers to stm32f10x_rcc.o(.text) for RCC_APB1PeriphResetCmd
    stm32f10x_pwr.o(.text) refers to stm32f10x_rcc.o(.text) for RCC_APB1PeriphResetCmd
    stm32f10x_rcc.o(.text) refers to stm32f10x_rcc.o(.data) for APBAHBPrescTable
    stm32f10x_spi.o(.text) refers to stm32f10x_rcc.o(.text) for RCC_APB2PeriphResetCmd
    stm32f10x_tim.o(.text) refers to stm32f10x_rcc.o(.text) for RCC_APB2PeriphResetCmd
    stm32f10x_usart.o(.text) refers to stm32f10x_rcc.o(.text) for RCC_APB2PeriphResetCmd
    stm32f10x_wwdg.o(.text) refers to stm32f10x_rcc.o(.text) for RCC_APB1PeriphResetCmd
    system_stm32f10x.o(.text) refers to system_stm32f10x.o(.data) for SystemCoreClock
    usart.o(.text) refers to stm32f10x_rcc.o(.text) for RCC_APB2PeriphClockCmd
    usart.o(.text) refers to stm32f10x_gpio.o(.text) for GPIO_Init
    usart.o(.text) refers to stm32f10x_usart.o(.text) for USART_Init
    usart.o(.text) refers to misc.o(.text) for NVIC_PriorityGroupConfig
    usart.o(.text) refers to printf2.o(i.__0printf$2) for __2printf
    usart.o(.text) refers to usart.o(.bss) for UART_DATA
    hmi.o(.text) refers to usart.o(.text) for USART_Send
    hmi.o(.text) refers to memcpya.o(.text) for __aeabi_memcpy4
    hmi.o(.text) refers to systick.o(.text) for Delay_ms
    hmi.o(.text) refers to hmi.o(.constdata) for .constdata
    hmi.o(.text) refers to usart.o(.bss) for UART_DATA
    lcd12864.o(.text) refers to systick.o(.text) for Delay_ms
    lcd12864.o(.text) refers to stm32f10x_rcc.o(.text) for RCC_APB2PeriphClockCmd
    lcd12864.o(.text) refers to stm32f10x_gpio.o(.text) for GPIO_Init
    lcd12864.o(.text) refers to memcpya.o(.text) for __aeabi_memcpy4
    led.o(.text) refers to stm32f10x_rcc.o(.text) for RCC_APB2PeriphClockCmd
    led.o(.text) refers to stm32f10x_gpio.o(.text) for GPIO_Init
    lock.o(.text) refers to stm32f10x_rcc.o(.text) for RCC_APB2PeriphClockCmd
    lock.o(.text) refers to stm32f10x_gpio.o(.text) for GPIO_Init
    lock.o(.text) refers to systick.o(.text) for Delay_ms
    sim900a.o(.text) refers to usart.o(.text) for USART_Send
    sim900a.o(.text) refers to systick.o(.text) for Delay_ms
    sim900a.o(.text) refers to strlen.o(.text) for strlen
    sim900a.o(.text) refers to usart.o(.bss) for UART_DATA
    sim900a.o(.text) refers to smartbox.o(.bss) for SmartBox_DataBase
    sim900a.o(.text) refers to sim900a.o(.data) for Text_Message
    syn6288.o(.text) refers to strlen.o(.text) for strlen
    syn6288.o(.text) refers to usart.o(.text) for USART_Send
    syn6288.o(.text) refers to stm32f10x_rcc.o(.text) for RCC_APB2PeriphClockCmd
    syn6288.o(.text) refers to stm32f10x_gpio.o(.text) for GPIO_Init
    syn6288.o(.text) refers to memcpya.o(.text) for __aeabi_memcpy4
    syn6288.o(.text) refers to systick.o(.text) for Delay_ms
    syn6288.o(.text) refers to syn6288.o(.data) for SYN_Baud9600
    syn6288.o(.text) refers to usart.o(.bss) for UART_DATA
    syn6288.o(.text) refers to smartbox.o(.bss) for SmartBox_DataBase
    systick.o(.text) refers to system_stm32f10x.o(.data) for SystemCoreClock
    24c02.o(.text) refers to stm32f10x_rcc.o(.text) for RCC_APB2PeriphClockCmd
    24c02.o(.text) refers to stm32f10x_gpio.o(.text) for GPIO_Init
    24c02.o(.text) refers to systick.o(.text) for Delay_ms
    24c02.o(.text) refers to 24c02.o(.bss) for WriteBuffer
    ccd.o(.text) refers to usart.o(.text) for USART_Send
    ccd.o(.text) refers to systick.o(.text) for Delay_ms
    ccd.o(.text) refers to usart.o(.bss) for UART_DATA
    rtc.o(.text) refers to localtime_w.o(.text) for localtime
    rtc.o(.text) refers to memcpya.o(.text) for __aeabi_memcpy4
    rtc.o(.text) refers to mktime.o(.text) for mktime
    rtc.o(.text) refers to stm32f10x_rtc.o(.text) for RTC_GetCounter
    rtc.o(.text) refers to misc.o(.text) for NVIC_PriorityGroupConfig
    rtc.o(.text) refers to stm32f10x_rcc.o(.text) for RCC_APB1PeriphClockCmd
    rtc.o(.text) refers to stm32f10x_pwr.o(.text) for PWR_BackupAccessCmd
    rtc.o(.text) refers to stm32f10x_bkp.o(.text) for BKP_DeInit
    rtc.o(.text) refers to memseta.o(.text) for __aeabi_memclr4
    rtc.o(.text) refers to hmi.o(.text) for Hmi_RTC_Read
    rtc.o(.text) refers to printf2.o(i.__0printf$2) for __2printf
    rtc.o(.text) refers to usart.o(.bss) for UART_DATA
    rtc.o(.text) refers to rtc.o(.conststring) for .conststring
    entry.o(.ARM.Collect$$$$00000000) refers (Special) to entry10a.o(.ARM.Collect$$$$0000000D) for __rt_final_cpp
    entry.o(.ARM.Collect$$$$00000000) refers (Special) to entry11a.o(.ARM.Collect$$$$0000000F) for __rt_final_exit
    entry.o(.ARM.Collect$$$$00000000) refers (Special) to entry7b.o(.ARM.Collect$$$$00000008) for _main_clock
    entry.o(.ARM.Collect$$$$00000000) refers (Special) to entry8b.o(.ARM.Collect$$$$0000000A) for _main_cpp_init
    entry.o(.ARM.Collect$$$$00000000) refers (Special) to entry9a.o(.ARM.Collect$$$$0000000B) for _main_init
    entry.o(.ARM.Collect$$$$00000000) refers (Special) to entry5.o(.ARM.Collect$$$$00000004) for _main_scatterload
    entry.o(.ARM.Collect$$$$00000000) refers (Special) to entry2.o(.ARM.Collect$$$$00000001) for _main_stk
    rand.o(.text) refers to rand.o(.data) for .data
    localtime.o(.text) refers to localtime.o(.bss) for .bss
    localtime.o(.text) refers to localtime.o(.constdata) for .constdata
    mktime.o(.text) refers to localtime_i.o(.text) for _localtime
    mktime.o(.text) refers to mktime.o(.constdata) for .constdata
    printfb.o(i.__0fprintf$bare) refers to printfb.o(i._printf_core) for _printf_core
    printfb.o(i.__0fprintf$bare) refers to main.o(.text) for fputc
    printfb.o(i.__0printf$bare) refers to printfb.o(i._printf_core) for _printf_core
    printfb.o(i.__0printf$bare) refers to main.o(.text) for fputc
    printfb.o(i.__0printf$bare) refers to stdout.o(.data) for __stdout
    printfb.o(i.__0snprintf$bare) refers to printfb.o(i._printf_core) for _printf_core
    printfb.o(i.__0snprintf$bare) refers to printfb.o(i._snputc) for _snputc
    printfb.o(i.__0sprintf$bare) refers to printfb.o(i._printf_core) for _printf_core
    printfb.o(i.__0sprintf$bare) refers to printfb.o(i._sputc) for _sputc
    printfb.o(i.__0vfprintf$bare) refers to printfb.o(i._printf_core) for _printf_core
    printfb.o(i.__0vfprintf$bare) refers to main.o(.text) for fputc
    printfb.o(i.__0vprintf$bare) refers to printfb.o(i._printf_core) for _printf_core
    printfb.o(i.__0vprintf$bare) refers to main.o(.text) for fputc
    printfb.o(i.__0vprintf$bare) refers to stdout.o(.data) for __stdout
    printfb.o(i.__0vsnprintf$bare) refers to printfb.o(i._printf_core) for _printf_core
    printfb.o(i.__0vsnprintf$bare) refers to printfb.o(i._snputc) for _snputc
    printfb.o(i.__0vsprintf$bare) refers to printfb.o(i._printf_core) for _printf_core
    printfb.o(i.__0vsprintf$bare) refers to printfb.o(i._sputc) for _sputc
    printf0.o(i.__0fprintf$0) refers to printf0.o(i._printf_core) for _printf_core
    printf0.o(i.__0fprintf$0) refers to main.o(.text) for fputc
    printf0.o(i.__0printf$0) refers to printf0.o(i._printf_core) for _printf_core
    printf0.o(i.__0printf$0) refers to main.o(.text) for fputc
    printf0.o(i.__0printf$0) refers to stdout.o(.data) for __stdout
    printf0.o(i.__0snprintf$0) refers to printf0.o(i._printf_core) for _printf_core
    printf0.o(i.__0snprintf$0) refers to printf0.o(i._snputc) for _snputc
    printf0.o(i.__0sprintf$0) refers to printf0.o(i._printf_core) for _printf_core
    printf0.o(i.__0sprintf$0) refers to printf0.o(i._sputc) for _sputc
    printf0.o(i.__0vfprintf$0) refers to printf0.o(i._printf_core) for _printf_core
    printf0.o(i.__0vfprintf$0) refers to main.o(.text) for fputc
    printf0.o(i.__0vprintf$0) refers to printf0.o(i._printf_core) for _printf_core
    printf0.o(i.__0vprintf$0) refers to main.o(.text) for fputc
    printf0.o(i.__0vprintf$0) refers to stdout.o(.data) for __stdout
    printf0.o(i.__0vsnprintf$0) refers to printf0.o(i._printf_core) for _printf_core
    printf0.o(i.__0vsnprintf$0) refers to printf0.o(i._snputc) for _snputc
    printf0.o(i.__0vsprintf$0) refers to printf0.o(i._printf_core) for _printf_core
    printf0.o(i.__0vsprintf$0) refers to printf0.o(i._sputc) for _sputc
    printf1.o(i.__0fprintf$1) refers to printf1.o(i._printf_core) for _printf_core
    printf1.o(i.__0fprintf$1) refers to main.o(.text) for fputc
    printf1.o(i.__0printf$1) refers to printf1.o(i._printf_core) for _printf_core
    printf1.o(i.__0printf$1) refers to main.o(.text) for fputc
    printf1.o(i.__0printf$1) refers to stdout.o(.data) for __stdout
    printf1.o(i.__0snprintf$1) refers to printf1.o(i._printf_core) for _printf_core
    printf1.o(i.__0snprintf$1) refers to printf1.o(i._snputc) for _snputc
    printf1.o(i.__0sprintf$1) refers to printf1.o(i._printf_core) for _printf_core
    printf1.o(i.__0sprintf$1) refers to printf1.o(i._sputc) for _sputc
    printf1.o(i.__0vfprintf$1) refers to printf1.o(i._printf_core) for _printf_core
    printf1.o(i.__0vfprintf$1) refers to main.o(.text) for fputc
    printf1.o(i.__0vprintf$1) refers to printf1.o(i._printf_core) for _printf_core
    printf1.o(i.__0vprintf$1) refers to main.o(.text) for fputc
    printf1.o(i.__0vprintf$1) refers to stdout.o(.data) for __stdout
    printf1.o(i.__0vsnprintf$1) refers to printf1.o(i._printf_core) for _printf_core
    printf1.o(i.__0vsnprintf$1) refers to printf1.o(i._snputc) for _snputc
    printf1.o(i.__0vsprintf$1) refers to printf1.o(i._printf_core) for _printf_core
    printf1.o(i.__0vsprintf$1) refers to printf1.o(i._sputc) for _sputc
    printf1.o(i._printf_core) refers to uidiv.o(.text) for __aeabi_uidivmod
    printf2.o(i.__0fprintf$2) refers to printf2.o(i._printf_core) for _printf_core
    printf2.o(i.__0fprintf$2) refers to main.o(.text) for fputc
    printf2.o(i.__0printf$2) refers to printf2.o(i._printf_core) for _printf_core
    printf2.o(i.__0printf$2) refers to main.o(.text) for fputc
    printf2.o(i.__0printf$2) refers to stdout.o(.data) for __stdout
    printf2.o(i.__0snprintf$2) refers to printf2.o(i._printf_core) for _printf_core
    printf2.o(i.__0snprintf$2) refers to printf2.o(i._snputc) for _snputc
    printf2.o(i.__0sprintf$2) refers to printf2.o(i._printf_core) for _printf_core
    printf2.o(i.__0sprintf$2) refers to printf2.o(i._sputc) for _sputc
    printf2.o(i.__0vfprintf$2) refers to printf2.o(i._printf_core) for _printf_core
    printf2.o(i.__0vfprintf$2) refers to main.o(.text) for fputc
    printf2.o(i.__0vprintf$2) refers to printf2.o(i._printf_core) for _printf_core
    printf2.o(i.__0vprintf$2) refers to main.o(.text) for fputc
    printf2.o(i.__0vprintf$2) refers to stdout.o(.data) for __stdout
    printf2.o(i.__0vsnprintf$2) refers to printf2.o(i._printf_core) for _printf_core
    printf2.o(i.__0vsnprintf$2) refers to printf2.o(i._snputc) for _snputc
    printf2.o(i.__0vsprintf$2) refers to printf2.o(i._printf_core) for _printf_core
    printf2.o(i.__0vsprintf$2) refers to printf2.o(i._sputc) for _sputc
    printf3.o(i.__0fprintf$3) refers to printf3.o(i._printf_core) for _printf_core
    printf3.o(i.__0fprintf$3) refers to main.o(.text) for fputc
    printf3.o(i.__0printf$3) refers to printf3.o(i._printf_core) for _printf_core
    printf3.o(i.__0printf$3) refers to main.o(.text) for fputc
    printf3.o(i.__0printf$3) refers to stdout.o(.data) for __stdout
    printf3.o(i.__0snprintf$3) refers to printf3.o(i._printf_core) for _printf_core
    printf3.o(i.__0snprintf$3) refers to printf3.o(i._snputc) for _snputc
    printf3.o(i.__0sprintf$3) refers to printf3.o(i._printf_core) for _printf_core
    printf3.o(i.__0sprintf$3) refers to printf3.o(i._sputc) for _sputc
    printf3.o(i.__0vfprintf$3) refers to printf3.o(i._printf_core) for _printf_core
    printf3.o(i.__0vfprintf$3) refers to main.o(.text) for fputc
    printf3.o(i.__0vprintf$3) refers to printf3.o(i._printf_core) for _printf_core
    printf3.o(i.__0vprintf$3) refers to main.o(.text) for fputc
    printf3.o(i.__0vprintf$3) refers to stdout.o(.data) for __stdout
    printf3.o(i.__0vsnprintf$3) refers to printf3.o(i._printf_core) for _printf_core
    printf3.o(i.__0vsnprintf$3) refers to printf3.o(i._snputc) for _snputc
    printf3.o(i.__0vsprintf$3) refers to printf3.o(i._printf_core) for _printf_core
    printf3.o(i.__0vsprintf$3) refers to printf3.o(i._sputc) for _sputc
    printf3.o(i._printf_core) refers to uidiv.o(.text) for __aeabi_uidivmod
    printf4.o(i.__0fprintf$4) refers to printf4.o(i._printf_core) for _printf_core
    printf4.o(i.__0fprintf$4) refers to main.o(.text) for fputc
    printf4.o(i.__0printf$4) refers to printf4.o(i._printf_core) for _printf_core
    printf4.o(i.__0printf$4) refers to main.o(.text) for fputc
    printf4.o(i.__0printf$4) refers to stdout.o(.data) for __stdout
    printf4.o(i.__0snprintf$4) refers to printf4.o(i._printf_core) for _printf_core
    printf4.o(i.__0snprintf$4) refers to printf4.o(i._snputc) for _snputc
    printf4.o(i.__0sprintf$4) refers to printf4.o(i._printf_core) for _printf_core
    printf4.o(i.__0sprintf$4) refers to printf4.o(i._sputc) for _sputc
    printf4.o(i.__0vfprintf$4) refers to printf4.o(i._printf_core) for _printf_core
    printf4.o(i.__0vfprintf$4) refers to main.o(.text) for fputc
    printf4.o(i.__0vprintf$4) refers to printf4.o(i._printf_core) for _printf_core
    printf4.o(i.__0vprintf$4) refers to main.o(.text) for fputc
    printf4.o(i.__0vprintf$4) refers to stdout.o(.data) for __stdout
    printf4.o(i.__0vsnprintf$4) refers to printf4.o(i._printf_core) for _printf_core
    printf4.o(i.__0vsnprintf$4) refers to printf4.o(i._snputc) for _snputc
    printf4.o(i.__0vsprintf$4) refers to printf4.o(i._printf_core) for _printf_core
    printf4.o(i.__0vsprintf$4) refers to printf4.o(i._sputc) for _sputc
    printf4.o(i._printf_core) refers to uldiv.o(.text) for __aeabi_uldivmod
    printf5.o(i.__0fprintf$5) refers to printf5.o(i._printf_core) for _printf_core
    printf5.o(i.__0fprintf$5) refers to main.o(.text) for fputc
    printf5.o(i.__0printf$5) refers to printf5.o(i._printf_core) for _printf_core
    printf5.o(i.__0printf$5) refers to main.o(.text) for fputc
    printf5.o(i.__0printf$5) refers to stdout.o(.data) for __stdout
    printf5.o(i.__0snprintf$5) refers to printf5.o(i._printf_core) for _printf_core
    printf5.o(i.__0snprintf$5) refers to printf5.o(i._snputc) for _snputc
    printf5.o(i.__0sprintf$5) refers to printf5.o(i._printf_core) for _printf_core
    printf5.o(i.__0sprintf$5) refers to printf5.o(i._sputc) for _sputc
    printf5.o(i.__0vfprintf$5) refers to printf5.o(i._printf_core) for _printf_core
    printf5.o(i.__0vfprintf$5) refers to main.o(.text) for fputc
    printf5.o(i.__0vprintf$5) refers to printf5.o(i._printf_core) for _printf_core
    printf5.o(i.__0vprintf$5) refers to main.o(.text) for fputc
    printf5.o(i.__0vprintf$5) refers to stdout.o(.data) for __stdout
    printf5.o(i.__0vsnprintf$5) refers to printf5.o(i._printf_core) for _printf_core
    printf5.o(i.__0vsnprintf$5) refers to printf5.o(i._snputc) for _snputc
    printf5.o(i.__0vsprintf$5) refers to printf5.o(i._printf_core) for _printf_core
    printf5.o(i.__0vsprintf$5) refers to printf5.o(i._sputc) for _sputc
    printf5.o(i._printf_core) refers to uldiv.o(.text) for __aeabi_uldivmod
    printf6.o(i.__0fprintf$6) refers to printf6.o(i._printf_core) for _printf_core
    printf6.o(i.__0fprintf$6) refers to main.o(.text) for fputc
    printf6.o(i.__0printf$6) refers to printf6.o(i._printf_core) for _printf_core
    printf6.o(i.__0printf$6) refers to main.o(.text) for fputc
    printf6.o(i.__0printf$6) refers to stdout.o(.data) for __stdout
    printf6.o(i.__0snprintf$6) refers to printf6.o(i._printf_core) for _printf_core
    printf6.o(i.__0snprintf$6) refers to printf6.o(i._snputc) for _snputc
    printf6.o(i.__0sprintf$6) refers to printf6.o(i._printf_core) for _printf_core
    printf6.o(i.__0sprintf$6) refers to printf6.o(i._sputc) for _sputc
    printf6.o(i.__0vfprintf$6) refers to printf6.o(i._printf_core) for _printf_core
    printf6.o(i.__0vfprintf$6) refers to main.o(.text) for fputc
    printf6.o(i.__0vprintf$6) refers to printf6.o(i._printf_core) for _printf_core
    printf6.o(i.__0vprintf$6) refers to main.o(.text) for fputc
    printf6.o(i.__0vprintf$6) refers to stdout.o(.data) for __stdout
    printf6.o(i.__0vsnprintf$6) refers to printf6.o(i._printf_core) for _printf_core
    printf6.o(i.__0vsnprintf$6) refers to printf6.o(i._snputc) for _snputc
    printf6.o(i.__0vsprintf$6) refers to printf6.o(i._printf_core) for _printf_core
    printf6.o(i.__0vsprintf$6) refers to printf6.o(i._sputc) for _sputc
    printf6.o(i._printf_core) refers to printf6.o(i._printf_pre_padding) for _printf_pre_padding
    printf6.o(i._printf_core) refers to uidiv.o(.text) for __aeabi_uidivmod
    printf6.o(i._printf_core) refers to printf6.o(i._printf_post_padding) for _printf_post_padding
    printf7.o(i.__0fprintf$7) refers to printf7.o(i._printf_core) for _printf_core
    printf7.o(i.__0fprintf$7) refers to main.o(.text) for fputc
    printf7.o(i.__0printf$7) refers to printf7.o(i._printf_core) for _printf_core
    printf7.o(i.__0printf$7) refers to main.o(.text) for fputc
    printf7.o(i.__0printf$7) refers to stdout.o(.data) for __stdout
    printf7.o(i.__0snprintf$7) refers to printf7.o(i._printf_core) for _printf_core
    printf7.o(i.__0snprintf$7) refers to printf7.o(i._snputc) for _snputc
    printf7.o(i.__0sprintf$7) refers to printf7.o(i._printf_core) for _printf_core
    printf7.o(i.__0sprintf$7) refers to printf7.o(i._sputc) for _sputc
    printf7.o(i.__0vfprintf$7) refers to printf7.o(i._printf_core) for _printf_core
    printf7.o(i.__0vfprintf$7) refers to main.o(.text) for fputc
    printf7.o(i.__0vprintf$7) refers to printf7.o(i._printf_core) for _printf_core
    printf7.o(i.__0vprintf$7) refers to main.o(.text) for fputc
    printf7.o(i.__0vprintf$7) refers to stdout.o(.data) for __stdout
    printf7.o(i.__0vsnprintf$7) refers to printf7.o(i._printf_core) for _printf_core
    printf7.o(i.__0vsnprintf$7) refers to printf7.o(i._snputc) for _snputc
    printf7.o(i.__0vsprintf$7) refers to printf7.o(i._printf_core) for _printf_core
    printf7.o(i.__0vsprintf$7) refers to printf7.o(i._sputc) for _sputc
    printf7.o(i._printf_core) refers to printf7.o(i._printf_pre_padding) for _printf_pre_padding
    printf7.o(i._printf_core) refers to uldiv.o(.text) for __aeabi_uldivmod
    printf7.o(i._printf_core) refers to printf7.o(i._printf_post_padding) for _printf_post_padding
    printf8.o(i.__0fprintf$8) refers to printf8.o(i._printf_core) for _printf_core
    printf8.o(i.__0fprintf$8) refers to main.o(.text) for fputc
    printf8.o(i.__0printf$8) refers to printf8.o(i._printf_core) for _printf_core
    printf8.o(i.__0printf$8) refers to main.o(.text) for fputc
    printf8.o(i.__0printf$8) refers to stdout.o(.data) for __stdout
    printf8.o(i.__0snprintf$8) refers to printf8.o(i._printf_core) for _printf_core
    printf8.o(i.__0snprintf$8) refers to printf8.o(i._snputc) for _snputc
    printf8.o(i.__0sprintf$8) refers to printf8.o(i._printf_core) for _printf_core
    printf8.o(i.__0sprintf$8) refers to printf8.o(i._sputc) for _sputc
    printf8.o(i.__0vfprintf$8) refers to printf8.o(i._printf_core) for _printf_core
    printf8.o(i.__0vfprintf$8) refers to main.o(.text) for fputc
    printf8.o(i.__0vprintf$8) refers to printf8.o(i._printf_core) for _printf_core
    printf8.o(i.__0vprintf$8) refers to main.o(.text) for fputc
    printf8.o(i.__0vprintf$8) refers to stdout.o(.data) for __stdout
    printf8.o(i.__0vsnprintf$8) refers to printf8.o(i._printf_core) for _printf_core
    printf8.o(i.__0vsnprintf$8) refers to printf8.o(i._snputc) for _snputc
    printf8.o(i.__0vsprintf$8) refers to printf8.o(i._printf_core) for _printf_core
    printf8.o(i.__0vsprintf$8) refers to printf8.o(i._sputc) for _sputc
    printf8.o(i._printf_core) refers to printf8.o(i._printf_pre_padding) for _printf_pre_padding
    printf8.o(i._printf_core) refers to uldiv.o(.text) for __aeabi_uldivmod
    printf8.o(i._printf_core) refers to printf8.o(i._printf_post_padding) for _printf_post_padding
    printfa.o(i.__0fprintf) refers (Special) to iusefp.o(.text) for __I$use$fp
    printfa.o(i.__0fprintf) refers to printfa.o(i._printf_core) for _printf_core
    printfa.o(i.__0fprintf) refers to main.o(.text) for fputc
    printfa.o(i.__0printf) refers (Special) to iusefp.o(.text) for __I$use$fp
    printfa.o(i.__0printf) refers to printfa.o(i._printf_core) for _printf_core
    printfa.o(i.__0printf) refers to main.o(.text) for fputc
    printfa.o(i.__0printf) refers to stdout.o(.data) for __stdout
    printfa.o(i.__0snprintf) refers (Special) to iusefp.o(.text) for __I$use$fp
    printfa.o(i.__0snprintf) refers to printfa.o(i._printf_core) for _printf_core
    printfa.o(i.__0snprintf) refers to printfa.o(i._snputc) for _snputc
    printfa.o(i.__0sprintf) refers (Special) to iusefp.o(.text) for __I$use$fp
    printfa.o(i.__0sprintf) refers to printfa.o(i._printf_core) for _printf_core
    printfa.o(i.__0sprintf) refers to printfa.o(i._sputc) for _sputc
    printfa.o(i.__0vfprintf) refers (Special) to iusefp.o(.text) for __I$use$fp
    printfa.o(i.__0vfprintf) refers to printfa.o(i._printf_core) for _printf_core
    printfa.o(i.__0vfprintf) refers to main.o(.text) for fputc
    printfa.o(i.__0vprintf) refers (Special) to iusefp.o(.text) for __I$use$fp
    printfa.o(i.__0vprintf) refers to printfa.o(i._printf_core) for _printf_core
    printfa.o(i.__0vprintf) refers to main.o(.text) for fputc
    printfa.o(i.__0vprintf) refers to stdout.o(.data) for __stdout
    printfa.o(i.__0vsnprintf) refers (Special) to iusefp.o(.text) for __I$use$fp
    printfa.o(i.__0vsnprintf) refers to printfa.o(i._printf_core) for _printf_core
    printfa.o(i.__0vsnprintf) refers to printfa.o(i._snputc) for _snputc
    printfa.o(i.__0vsprintf) refers (Special) to iusefp.o(.text) for __I$use$fp
    printfa.o(i.__0vsprintf) refers to printfa.o(i._printf_core) for _printf_core
    printfa.o(i.__0vsprintf) refers to printfa.o(i._sputc) for _sputc
    printfa.o(i._fp_digits) refers (Special) to iusefp.o(.text) for __I$use$fp
    printfa.o(i._fp_digits) refers to dmul.o(.text) for __aeabi_dmul
    printfa.o(i._fp_digits) refers to ddiv.o(.text) for __aeabi_ddiv
    printfa.o(i._fp_digits) refers to cdrcmple.o(.text) for __aeabi_cdrcmple
    printfa.o(i._fp_digits) refers to dadd.o(.text) for __aeabi_dadd
    printfa.o(i._fp_digits) refers to dfixul.o(.text) for __aeabi_d2ulz
    printfa.o(i._fp_digits) refers to uldiv.o(.text) for __aeabi_uldivmod
    printfa.o(i._printf_core) refers (Special) to iusefp.o(.text) for __I$use$fp
    printfa.o(i._printf_core) refers to printfa.o(i._printf_pre_padding) for _printf_pre_padding
    printfa.o(i._printf_core) refers to uldiv.o(.text) for __aeabi_uldivmod
    printfa.o(i._printf_core) refers to printfa.o(i._printf_post_padding) for _printf_post_padding
    printfa.o(i._printf_core) refers to printfa.o(i._fp_digits) for _fp_digits
    printfa.o(i._printf_core) refers to uidiv.o(.text) for __aeabi_uidivmod
    printfa.o(i._printf_post_padding) refers (Special) to iusefp.o(.text) for __I$use$fp
    printfa.o(i._printf_pre_padding) refers (Special) to iusefp.o(.text) for __I$use$fp
    printfa.o(i._snputc) refers (Special) to iusefp.o(.text) for __I$use$fp
    printfa.o(i._sputc) refers (Special) to iusefp.o(.text) for __I$use$fp
    dmul.o(.text) refers (Special) to iusefp.o(.text) for __I$use$fp
    dmul.o(.text) refers to depilogue.o(.text) for _double_epilogue
    ddiv.o(.text) refers (Special) to iusefp.o(.text) for __I$use$fp
    ddiv.o(.text) refers to depilogue.o(.text) for _double_round
    dflti.o(.text) refers (Special) to iusefp.o(.text) for __I$use$fp
    dflti.o(.text) refers to depilogue.o(.text) for _double_epilogue
    dfixi.o(.text) refers (Special) to iusefp.o(.text) for __I$use$fp
    dfixi.o(.text) refers to llushr.o(.text) for __aeabi_llsr
    entry2.o(.ARM.Collect$$$$00000001) refers to entry2.o(.ARM.Collect$$$$00002712) for __lit__00000000
    entry2.o(.ARM.Collect$$$$00002712) refers to startup_stm32f10x_md.o(STACK) for __initial_sp
    entry2.o(__vectab_stack_and_reset_area) refers to startup_stm32f10x_md.o(STACK) for __initial_sp
    entry2.o(__vectab_stack_and_reset_area) refers to entry.o(.ARM.Collect$$$$00000000) for __main
    entry5.o(.ARM.Collect$$$$00000004) refers to init.o(.text) for __scatterload
    entry9a.o(.ARM.Collect$$$$0000000B) refers to main.o(.text) for main
    entry9b.o(.ARM.Collect$$$$0000000C) refers to main.o(.text) for main
    uldiv.o(.text) refers to llushr.o(.text) for __aeabi_llsr
    uldiv.o(.text) refers to llshl.o(.text) for __aeabi_llsl
    localtime_w.o(.text) refers to localtime_i.o(.text) for _localtime
    localtime_w.o(.text) refers to localtime_w.o(.bss) for .bss
    localtime_i.o(.text) refers to localtime_i.o(.constdata) for .constdata
    depilogue.o(.text) refers to llshl.o(.text) for __aeabi_llsl
    depilogue.o(.text) refers to llushr.o(.text) for __aeabi_llsr
    dadd.o(.text) refers to llshl.o(.text) for __aeabi_llsl
    dadd.o(.text) refers to llsshr.o(.text) for __aeabi_lasr
    dadd.o(.text) refers to depilogue.o(.text) for _double_epilogue
    dfixul.o(.text) refers to llushr.o(.text) for __aeabi_llsr
    dfixul.o(.text) refers to llshl.o(.text) for __aeabi_llsl
    init.o(.text) refers to entry5.o(.ARM.Collect$$$$00000004) for __main_after_scatterload


==============================================================================

Removing Unused input sections from the image.

    Removing startup_stm32f10x_md.o(HEAP), (512 bytes).
    Removing stm32f10x_adc.o(.text), (1102 bytes).
    Removing stm32f10x_can.o(.text), (2544 bytes).
    Removing stm32f10x_cec.o(.text), (288 bytes).
    Removing stm32f10x_crc.o(.text), (72 bytes).
    Removing stm32f10x_dac.o(.text), (396 bytes).
    Removing stm32f10x_dbgmcu.o(.text), (48 bytes).
    Removing stm32f10x_dma.o(.text), (596 bytes).
    Removing stm32f10x_exti.o(.text), (284 bytes).
    Removing stm32f10x_flash.o(.text), (1468 bytes).
    Removing stm32f10x_fsmc.o(.text), (1548 bytes).
    Removing stm32f10x_i2c.o(.text), (1028 bytes).
    Removing stm32f10x_iwdg.o(.text), (64 bytes).
    Removing stm32f10x_sdio.o(.text), (468 bytes).
    Removing stm32f10x_spi.o(.text), (780 bytes).
    Removing stm32f10x_tim.o(.text), (3610 bytes).
    Removing stm32f10x_wwdg.o(.text), (136 bytes).
    Removing lcd12864.o(.data), (128 bytes).
    Removing dadd.o(.text), (334 bytes).
    Removing dfixul.o(.text), (48 bytes).
    Removing cdrcmple.o(.text), (48 bytes).

21 unused section(s) (total 15502 bytes) removed from the image.

==============================================================================

Image Symbol Table

    Local Symbols

    Symbol Name                              Value     Ov Type        Size  Object(Section)

    ../clib/../cmprslib/zerorunl2.c          0x00000000   Number         0  __dczerorl2.o ABSOLUTE
    ../clib/microlib/division.c              0x00000000   Number         0  uldiv.o ABSOLUTE
    ../clib/microlib/division.c              0x00000000   Number         0  uidiv.o ABSOLUTE
    ../clib/microlib/init/entry.s            0x00000000   Number         0  entry5.o ABSOLUTE
    ../clib/microlib/init/entry.s            0x00000000   Number         0  entry2.o ABSOLUTE
    ../clib/microlib/init/entry.s            0x00000000   Number         0  entry8a.o ABSOLUTE
    ../clib/microlib/init/entry.s            0x00000000   Number         0  entry8b.o ABSOLUTE
    ../clib/microlib/init/entry.s            0x00000000   Number         0  entry9b.o ABSOLUTE
    ../clib/microlib/init/entry.s            0x00000000   Number         0  entry9a.o ABSOLUTE
    ../clib/microlib/init/entry.s            0x00000000   Number         0  entry10a.o ABSOLUTE
    ../clib/microlib/init/entry.s            0x00000000   Number         0  entry10b.o ABSOLUTE
    ../clib/microlib/init/entry.s            0x00000000   Number         0  entry11a.o ABSOLUTE
    ../clib/microlib/init/entry.s            0x00000000   Number         0  entry11b.o ABSOLUTE
    ../clib/microlib/init/entry.s            0x00000000   Number         0  entry.o ABSOLUTE
    ../clib/microlib/init/entry.s            0x00000000   Number         0  entry7b.o ABSOLUTE
    ../clib/microlib/init/entry.s            0x00000000   Number         0  entry7a.o ABSOLUTE
    ../clib/microlib/longlong.c              0x00000000   Number         0  llshl.o ABSOLUTE
    ../clib/microlib/longlong.c              0x00000000   Number         0  llushr.o ABSOLUTE
    ../clib/microlib/longlong.c              0x00000000   Number         0  llsshr.o ABSOLUTE
    ../clib/microlib/printf/printf.c         0x00000000   Number         0  printfa.o ABSOLUTE
    ../clib/microlib/printf/printf.c         0x00000000   Number         0  printf8.o ABSOLUTE
    ../clib/microlib/printf/printf.c         0x00000000   Number         0  printf7.o ABSOLUTE
    ../clib/microlib/printf/printf.c         0x00000000   Number         0  printf6.o ABSOLUTE
    ../clib/microlib/printf/printf.c         0x00000000   Number         0  printf3.o ABSOLUTE
    ../clib/microlib/printf/printf.c         0x00000000   Number         0  printf2.o ABSOLUTE
    ../clib/microlib/printf/printf.c         0x00000000   Number         0  printf1.o ABSOLUTE
    ../clib/microlib/printf/printf.c         0x00000000   Number         0  printf5.o ABSOLUTE
    ../clib/microlib/printf/printf.c         0x00000000   Number         0  printf4.o ABSOLUTE
    ../clib/microlib/printf/printf.c         0x00000000   Number         0  printf0.o ABSOLUTE
    ../clib/microlib/printf/printf.c         0x00000000   Number         0  printfb.o ABSOLUTE
    ../clib/microlib/printf/stubs.s          0x00000000   Number         0  stubs.o ABSOLUTE
    ../clib/microlib/stdio/streams.c         0x00000000   Number         0  stdout.o ABSOLUTE
    ../clib/microlib/stdlib/rand.c           0x00000000   Number         0  rand.o ABSOLUTE
    ../clib/microlib/string/memcpy.c         0x00000000   Number         0  memcpyb.o ABSOLUTE
    ../clib/microlib/string/memcpy.c         0x00000000   Number         0  memcpya.o ABSOLUTE
    ../clib/microlib/string/memset.c         0x00000000   Number         0  memseta.o ABSOLUTE
    ../clib/microlib/string/strlen.c         0x00000000   Number         0  strlen.o ABSOLUTE
    ../clib/microlib/stubs.s                 0x00000000   Number         0  iusefp.o ABSOLUTE
    ../clib/microlib/time/localtime.c        0x00000000   Number         0  localtime_i.o ABSOLUTE
    ../clib/microlib/time/localtime.c        0x00000000   Number         0  localtime_w.o ABSOLUTE
    ../clib/microlib/time/localtime.c        0x00000000   Number         0  localtime.o ABSOLUTE
    ../clib/microlib/time/mktime.c           0x00000000   Number         0  mktime.o ABSOLUTE
    ../fplib/microlib/fpadd.c                0x00000000   Number         0  dadd.o ABSOLUTE
    ../fplib/microlib/fpdiv.c                0x00000000   Number         0  ddiv.o ABSOLUTE
    ../fplib/microlib/fpepilogue.c           0x00000000   Number         0  depilogue.o ABSOLUTE
    ../fplib/microlib/fpfix.c                0x00000000   Number         0  dfixul.o ABSOLUTE
    ../fplib/microlib/fpfix.c                0x00000000   Number         0  dfixi.o ABSOLUTE
    ../fplib/microlib/fpflt.c                0x00000000   Number         0  dflti.o ABSOLUTE
    ../fplib/microlib/fpmul.c                0x00000000   Number         0  dmul.o ABSOLUTE
    ..\..\BSP\24C02.c                        0x00000000   Number         0  24c02.o ABSOLUTE
    ..\..\BSP\SYSTICK.c                      0x00000000   Number         0  systick.o ABSOLUTE
    ..\..\BSP\ccd.c                          0x00000000   Number         0  ccd.o ABSOLUTE
    ..\..\BSP\hmi.c                          0x00000000   Number         0  hmi.o ABSOLUTE
    ..\..\BSP\lcd12864.c                     0x00000000   Number         0  lcd12864.o ABSOLUTE
    ..\..\BSP\led.c                          0x00000000   Number         0  led.o ABSOLUTE
    ..\..\BSP\lock.c                         0x00000000   Number         0  lock.o ABSOLUTE
    ..\..\BSP\rtc.c                          0x00000000   Number         0  rtc.o ABSOLUTE
    ..\..\BSP\sim900a.c                      0x00000000   Number         0  sim900a.o ABSOLUTE
    ..\..\BSP\syn6288.c                      0x00000000   Number         0  syn6288.o ABSOLUTE
    ..\..\BSP\usart.c                        0x00000000   Number         0  usart.o ABSOLUTE
    ..\..\Libraries\CMSIS\CM3\DeviceSupport\ST\STM32F10x\startup\arm\startup_stm32f10x_md.s 0x00000000   Number         0  startup_stm32f10x_md.o ABSOLUTE
    ..\..\Libraries\CMSIS\CM3\DeviceSupport\ST\STM32F10x\system_stm32f10x.c 0x00000000   Number         0  system_stm32f10x.o ABSOLUTE
    ..\..\Libraries\STM32F10x_StdPeriph_Driver\src\misc.c 0x00000000   Number         0  misc.o ABSOLUTE
    ..\..\Libraries\STM32F10x_StdPeriph_Driver\src\stm32f10x_adc.c 0x00000000   Number         0  stm32f10x_adc.o ABSOLUTE
    ..\..\Libraries\STM32F10x_StdPeriph_Driver\src\stm32f10x_bkp.c 0x00000000   Number         0  stm32f10x_bkp.o ABSOLUTE
    ..\..\Libraries\STM32F10x_StdPeriph_Driver\src\stm32f10x_can.c 0x00000000   Number         0  stm32f10x_can.o ABSOLUTE
    ..\..\Libraries\STM32F10x_StdPeriph_Driver\src\stm32f10x_cec.c 0x00000000   Number         0  stm32f10x_cec.o ABSOLUTE
    ..\..\Libraries\STM32F10x_StdPeriph_Driver\src\stm32f10x_crc.c 0x00000000   Number         0  stm32f10x_crc.o ABSOLUTE
    ..\..\Libraries\STM32F10x_StdPeriph_Driver\src\stm32f10x_dac.c 0x00000000   Number         0  stm32f10x_dac.o ABSOLUTE
    ..\..\Libraries\STM32F10x_StdPeriph_Driver\src\stm32f10x_dbgmcu.c 0x00000000   Number         0  stm32f10x_dbgmcu.o ABSOLUTE
    ..\..\Libraries\STM32F10x_StdPeriph_Driver\src\stm32f10x_dma.c 0x00000000   Number         0  stm32f10x_dma.o ABSOLUTE
    ..\..\Libraries\STM32F10x_StdPeriph_Driver\src\stm32f10x_exti.c 0x00000000   Number         0  stm32f10x_exti.o ABSOLUTE
    ..\..\Libraries\STM32F10x_StdPeriph_Driver\src\stm32f10x_flash.c 0x00000000   Number         0  stm32f10x_flash.o ABSOLUTE
    ..\..\Libraries\STM32F10x_StdPeriph_Driver\src\stm32f10x_fsmc.c 0x00000000   Number         0  stm32f10x_fsmc.o ABSOLUTE
    ..\..\Libraries\STM32F10x_StdPeriph_Driver\src\stm32f10x_gpio.c 0x00000000   Number         0  stm32f10x_gpio.o ABSOLUTE
    ..\..\Libraries\STM32F10x_StdPeriph_Driver\src\stm32f10x_i2c.c 0x00000000   Number         0  stm32f10x_i2c.o ABSOLUTE
    ..\..\Libraries\STM32F10x_StdPeriph_Driver\src\stm32f10x_iwdg.c 0x00000000   Number         0  stm32f10x_iwdg.o ABSOLUTE
    ..\..\Libraries\STM32F10x_StdPeriph_Driver\src\stm32f10x_pwr.c 0x00000000   Number         0  stm32f10x_pwr.o ABSOLUTE
    ..\..\Libraries\STM32F10x_StdPeriph_Driver\src\stm32f10x_rcc.c 0x00000000   Number         0  stm32f10x_rcc.o ABSOLUTE
    ..\..\Libraries\STM32F10x_StdPeriph_Driver\src\stm32f10x_rtc.c 0x00000000   Number         0  stm32f10x_rtc.o ABSOLUTE
    ..\..\Libraries\STM32F10x_StdPeriph_Driver\src\stm32f10x_sdio.c 0x00000000   Number         0  stm32f10x_sdio.o ABSOLUTE
    ..\..\Libraries\STM32F10x_StdPeriph_Driver\src\stm32f10x_spi.c 0x00000000   Number         0  stm32f10x_spi.o ABSOLUTE
    ..\..\Libraries\STM32F10x_StdPeriph_Driver\src\stm32f10x_tim.c 0x00000000   Number         0  stm32f10x_tim.o ABSOLUTE
    ..\..\Libraries\STM32F10x_StdPeriph_Driver\src\stm32f10x_usart.c 0x00000000   Number         0  stm32f10x_usart.o ABSOLUTE
    ..\..\Libraries\STM32F10x_StdPeriph_Driver\src\stm32f10x_wwdg.c 0x00000000   Number         0  stm32f10x_wwdg.o ABSOLUTE
    ..\main.c                                0x00000000   Number         0  main.o ABSOLUTE
    ..\smartbox.c                            0x00000000   Number         0  smartbox.o ABSOLUTE
    ..\stm32f10x_it.c                        0x00000000   Number         0  stm32f10x_it.o ABSOLUTE
    cdrcmple.s                               0x00000000   Number         0  cdrcmple.o ABSOLUTE
    dc.s                                     0x00000000   Number         0  dc.o ABSOLUTE
    handlers.s                               0x00000000   Number         0  handlers.o ABSOLUTE
    init.s                                   0x00000000   Number         0  init.o ABSOLUTE
    RESET                                    0x08000000   Section      236  startup_stm32f10x_md.o(RESET)
    .ARM.Collect$$$$00000000                 0x080000ec   Section        0  entry.o(.ARM.Collect$$$$00000000)
    .ARM.Collect$$$$00000001                 0x080000ec   Section        4  entry2.o(.ARM.Collect$$$$00000001)
    .ARM.Collect$$$$00000004                 0x080000f0   Section        4  entry5.o(.ARM.Collect$$$$00000004)
    .ARM.Collect$$$$00000008                 0x080000f4   Section        0  entry7b.o(.ARM.Collect$$$$00000008)
    .ARM.Collect$$$$0000000A                 0x080000f4   Section        0  entry8b.o(.ARM.Collect$$$$0000000A)
    .ARM.Collect$$$$0000000B                 0x080000f4   Section        8  entry9a.o(.ARM.Collect$$$$0000000B)
    .ARM.Collect$$$$0000000D                 0x080000fc   Section        0  entry10a.o(.ARM.Collect$$$$0000000D)
    .ARM.Collect$$$$0000000F                 0x080000fc   Section        0  entry11a.o(.ARM.Collect$$$$0000000F)
    .ARM.Collect$$$$00002712                 0x080000fc   Section        4  entry2.o(.ARM.Collect$$$$00002712)
    __lit__00000000                          0x080000fc   Data           4  entry2.o(.ARM.Collect$$$$00002712)
    .text                                    0x08000100   Section       36  startup_stm32f10x_md.o(.text)
    .text                                    0x08000124   Section        0  main.o(.text)
    .text                                    0x0800015c   Section        0  stm32f10x_it.o(.text)
    .text                                    0x080001d8   Section        0  smartbox.o(.text)
    .text                                    0x08000ebc   Section        0  misc.o(.text)
    .text                                    0x08000f98   Section        0  stm32f10x_bkp.o(.text)
    .text                                    0x0800105c   Section        0  stm32f10x_gpio.o(.text)
    .text                                    0x080013b8   Section        0  stm32f10x_pwr.o(.text)
    .text                                    0x08001484   Section        0  stm32f10x_rcc.o(.text)
    .text                                    0x08001828   Section        0  stm32f10x_rtc.o(.text)
    .text                                    0x08001970   Section        0  stm32f10x_usart.o(.text)
    .text                                    0x08001d78   Section        0  system_stm32f10x.o(.text)
    SetSysClockTo72                          0x08001d79   Thumb Code   214  system_stm32f10x.o(.text)
    SetSysClock                              0x08001e4f   Thumb Code     8  system_stm32f10x.o(.text)
    .text                                    0x08001f58   Section        0  usart.o(.text)
    .text                                    0x08002500   Section        0  hmi.o(.text)
    .text                                    0x080027a0   Section        0  lcd12864.o(.text)
    .text                                    0x08002d50   Section        0  led.o(.text)
    .text                                    0x08002d7c   Section        0  lock.o(.text)
    .text                                    0x08002e08   Section        0  sim900a.o(.text)
    .text                                    0x080033dc   Section        0  syn6288.o(.text)
    .text                                    0x080035cc   Section        0  systick.o(.text)
    .text                                    0x08003670   Section        0  24c02.o(.text)
    I2C_delay                                0x08003697   Thumb Code    14  24c02.o(.text)
    I2C_Start                                0x080036a5   Thumb Code    86  24c02.o(.text)
    I2C_Stop                                 0x080036fb   Thumb Code    52  24c02.o(.text)
    I2C_Ack                                  0x0800372f   Thumb Code    52  24c02.o(.text)
    I2C_NoAck                                0x08003763   Thumb Code    52  24c02.o(.text)
    I2C_WaitAck                              0x08003797   Thumb Code    74  24c02.o(.text)
    I2C_SendByte                             0x080037e1   Thumb Code    84  24c02.o(.text)
    I2C_ReceiveByte                          0x08003835   Thumb Code    82  24c02.o(.text)
    .text                                    0x08003a04   Section        0  ccd.o(.text)
    .text                                    0x08003a74   Section        0  rtc.o(.text)
    NVIC_Configuration                       0x08003b11   Thumb Code    42  rtc.o(.text)
    RTC_Configuration                        0x08003b3b   Thumb Code    80  rtc.o(.text)
    .text                                    0x08003d2c   Section        0  rand.o(.text)
    .text                                    0x08003d50   Section        0  mktime.o(.text)
    .text                                    0x08003df8   Section        0  memcpya.o(.text)
    .text                                    0x08003e1c   Section        0  memseta.o(.text)
    .text                                    0x08003e40   Section        0  strlen.o(.text)
    .text                                    0x08003e4e   Section        0  dmul.o(.text)
    .text                                    0x08003f32   Section        0  ddiv.o(.text)
    .text                                    0x08004010   Section        0  dflti.o(.text)
    .text                                    0x08004032   Section        0  dfixi.o(.text)
    .text                                    0x08004070   Section        0  llushr.o(.text)
    .text                                    0x08004090   Section        0  localtime_w.o(.text)
    .text                                    0x0800409c   Section        0  localtime_i.o(.text)
    .text                                    0x08004128   Section        0  depilogue.o(.text)
    .text                                    0x08004128   Section        0  iusefp.o(.text)
    .text                                    0x080041e4   Section       36  init.o(.text)
    .text                                    0x08004208   Section        0  llshl.o(.text)
    .text                                    0x08004226   Section        0  __dczerorl2.o(.text)
    i.__0printf$2                            0x0800427c   Section        0  printf2.o(i.__0printf$2)
    i.__scatterload_copy                     0x0800429c   Section       14  handlers.o(i.__scatterload_copy)
    i.__scatterload_null                     0x080042aa   Section        2  handlers.o(i.__scatterload_null)
    i.__scatterload_zeroinit                 0x080042ac   Section       14  handlers.o(i.__scatterload_zeroinit)
    i._printf_core                           0x080042ba   Section        0  printf2.o(i._printf_core)
    _printf_core                             0x080042bb   Thumb Code   214  printf2.o(i._printf_core)
    .constdata                               0x08004390   Section       13  hmi.o(.constdata)
    .constdata                               0x0800439d   Section       12  mktime.o(.constdata)
    monlen                                   0x0800439d   Data          12  mktime.o(.constdata)
    .constdata                               0x080043a9   Section       12  localtime_i.o(.constdata)
    monlen                                   0x080043a9   Data          12  localtime_i.o(.constdata)
    .conststring                             0x080043b8   Section       65  rtc.o(.conststring)
    .data                                    0x20000000   Section        2  stm32f10x_it.o(.data)
    .data                                    0x20000002   Section       19  smartbox.o(.data)
    Last_Box                                 0x20000014   Data           1  smartbox.o(.data)
    .data                                    0x20000015   Section       20  stm32f10x_rcc.o(.data)
    APBAHBPrescTable                         0x20000015   Data          16  stm32f10x_rcc.o(.data)
    ADCPrescTable                            0x20000025   Data           4  stm32f10x_rcc.o(.data)
    .data                                    0x2000002c   Section       20  system_stm32f10x.o(.data)
    .data                                    0x20000040   Section      298  sim900a.o(.data)
    .data                                    0x2000016a   Section       36  syn6288.o(.data)
    .data                                    0x20000190   Section        4  rand.o(.data)
    _rand_state                              0x20000190   Data           4  rand.o(.data)
    .data                                    0x20000194   Section        4  stdout.o(.data)
    .bss                                     0x20000198   Section     2857  smartbox.o(.bss)
    .bss                                     0x20000cc1   Section      128  usart.o(.bss)
    .bss                                     0x20000d41   Section      510  24c02.o(.bss)
    .bss                                     0x20000f40   Section       44  localtime_w.o(.bss)
    _tms                                     0x20000f40   Data          44  localtime_w.o(.bss)
    STACK                                    0x20000f70   Section     1024  startup_stm32f10x_md.o(STACK)

    Global Symbols

    Symbol Name                              Value     Ov Type        Size  Object(Section)

    BuildAttributes$$THM_ISAv4$P$D$K$B$S$PE$A:L22UL41UL21$X:L11$S22US41US21$IEEE1$IW$USESV6$~STKCKD$USESV7$~SHL$OSPACE$ROPI$EBA8$MICROLIB$REQ8$PRES8$EABIv2 0x00000000   Number         0  anon$$obj.o ABSOLUTE
    __ARM_use_no_argv                        0x00000000   Number         0  main.o ABSOLUTE
    _printf_a                                0x00000000   Number         0  stubs.o ABSOLUTE
    _printf_c                                0x00000000   Number         0  stubs.o ABSOLUTE
    _printf_charcount                        0x00000000   Number         0  stubs.o ABSOLUTE
    _printf_d                                0x00000000   Number         0  stubs.o ABSOLUTE
    _printf_e                                0x00000000   Number         0  stubs.o ABSOLUTE
    _printf_f                                0x00000000   Number         0  stubs.o ABSOLUTE
    _printf_flags                            0x00000000   Number         0  stubs.o ABSOLUTE
    _printf_fp_dec                           0x00000000   Number         0  stubs.o ABSOLUTE
    _printf_fp_hex                           0x00000000   Number         0  stubs.o ABSOLUTE
    _printf_g                                0x00000000   Number         0  stubs.o ABSOLUTE
    _printf_i                                0x00000000   Number         0  stubs.o ABSOLUTE
    _printf_int_dec                          0x00000000   Number         0  stubs.o ABSOLUTE
    _printf_l                                0x00000000   Number         0  stubs.o ABSOLUTE
    _printf_lc                               0x00000000   Number         0  stubs.o ABSOLUTE
    _printf_ll                               0x00000000   Number         0  stubs.o ABSOLUTE
    _printf_lld                              0x00000000   Number         0  stubs.o ABSOLUTE
    _printf_lli                              0x00000000   Number         0  stubs.o ABSOLUTE
    _printf_llo                              0x00000000   Number         0  stubs.o ABSOLUTE
    _printf_llu                              0x00000000   Number         0  stubs.o ABSOLUTE
    _printf_llx                              0x00000000   Number         0  stubs.o ABSOLUTE
    _printf_longlong_dec                     0x00000000   Number         0  stubs.o ABSOLUTE
    _printf_longlong_hex                     0x00000000   Number         0  stubs.o ABSOLUTE
    _printf_longlong_oct                     0x00000000   Number         0  stubs.o ABSOLUTE
    _printf_ls                               0x00000000   Number         0  stubs.o ABSOLUTE
    _printf_mbtowc                           0x00000000   Number         0  stubs.o ABSOLUTE
    _printf_n                                0x00000000   Number         0  stubs.o ABSOLUTE
    _printf_o                                0x00000000   Number         0  stubs.o ABSOLUTE
    _printf_p                                0x00000000   Number         0  stubs.o ABSOLUTE
    _printf_percent                          0x00000000   Number         0  stubs.o ABSOLUTE
    _printf_pre_padding                      0x00000000   Number         0  stubs.o ABSOLUTE
    _printf_return_value                     0x00000000   Number         0  stubs.o ABSOLUTE
    _printf_s                                0x00000000   Number         0  stubs.o ABSOLUTE
    _printf_sizespec                         0x00000000   Number         0  stubs.o ABSOLUTE
    _printf_str                              0x00000000   Number         0  stubs.o ABSOLUTE
    _printf_truncate_signed                  0x00000000   Number         0  stubs.o ABSOLUTE
    _printf_truncate_unsigned                0x00000000   Number         0  stubs.o ABSOLUTE
    _printf_u                                0x00000000   Number         0  stubs.o ABSOLUTE
    _printf_wc                               0x00000000   Number         0  stubs.o ABSOLUTE
    _printf_wctomb                           0x00000000   Number         0  stubs.o ABSOLUTE
    _printf_widthprec                        0x00000000   Number         0  stubs.o ABSOLUTE
    _printf_x                                0x00000000   Number         0  stubs.o ABSOLUTE
    __cpp_initialize__aeabi_                  - Undefined Weak Reference
    __cxa_finalize                            - Undefined Weak Reference
    _clock_init                               - Undefined Weak Reference
    _microlib_exit                            - Undefined Weak Reference
    __Vectors_Size                           0x000000ec   Number         0  startup_stm32f10x_md.o ABSOLUTE
    __Vectors                                0x08000000   Data           4  startup_stm32f10x_md.o(RESET)
    __Vectors_End                            0x080000ec   Data           0  startup_stm32f10x_md.o(RESET)
    __main                                   0x080000ed   Thumb Code     0  entry.o(.ARM.Collect$$$$00000000)
    _main_stk                                0x080000ed   Thumb Code     0  entry2.o(.ARM.Collect$$$$00000001)
    _main_scatterload                        0x080000f1   Thumb Code     0  entry5.o(.ARM.Collect$$$$00000004)
    __main_after_scatterload                 0x080000f5   Thumb Code     0  entry5.o(.ARM.Collect$$$$00000004)
    _main_clock                              0x080000f5   Thumb Code     0  entry7b.o(.ARM.Collect$$$$00000008)
    _main_cpp_init                           0x080000f5   Thumb Code     0  entry8b.o(.ARM.Collect$$$$0000000A)
    _main_init                               0x080000f5   Thumb Code     0  entry9a.o(.ARM.Collect$$$$0000000B)
    __rt_final_cpp                           0x080000fd   Thumb Code     0  entry10a.o(.ARM.Collect$$$$0000000D)
    __rt_final_exit                          0x080000fd   Thumb Code     0  entry11a.o(.ARM.Collect$$$$0000000F)
    Reset_Handler                            0x08000101   Thumb Code     8  startup_stm32f10x_md.o(.text)
    ADC1_2_IRQHandler                        0x0800011b   Thumb Code     0  startup_stm32f10x_md.o(.text)
    CAN1_RX1_IRQHandler                      0x0800011b   Thumb Code     0  startup_stm32f10x_md.o(.text)
    CAN1_SCE_IRQHandler                      0x0800011b   Thumb Code     0  startup_stm32f10x_md.o(.text)
    DMA1_Channel1_IRQHandler                 0x0800011b   Thumb Code     0  startup_stm32f10x_md.o(.text)
    DMA1_Channel2_IRQHandler                 0x0800011b   Thumb Code     0  startup_stm32f10x_md.o(.text)
    DMA1_Channel3_IRQHandler                 0x0800011b   Thumb Code     0  startup_stm32f10x_md.o(.text)
    DMA1_Channel4_IRQHandler                 0x0800011b   Thumb Code     0  startup_stm32f10x_md.o(.text)
    DMA1_Channel5_IRQHandler                 0x0800011b   Thumb Code     0  startup_stm32f10x_md.o(.text)
    DMA1_Channel6_IRQHandler                 0x0800011b   Thumb Code     0  startup_stm32f10x_md.o(.text)
    DMA1_Channel7_IRQHandler                 0x0800011b   Thumb Code     0  startup_stm32f10x_md.o(.text)
    EXTI0_IRQHandler                         0x0800011b   Thumb Code     0  startup_stm32f10x_md.o(.text)
    EXTI15_10_IRQHandler                     0x0800011b   Thumb Code     0  startup_stm32f10x_md.o(.text)
    EXTI1_IRQHandler                         0x0800011b   Thumb Code     0  startup_stm32f10x_md.o(.text)
    EXTI2_IRQHandler                         0x0800011b   Thumb Code     0  startup_stm32f10x_md.o(.text)
    EXTI3_IRQHandler                         0x0800011b   Thumb Code     0  startup_stm32f10x_md.o(.text)
    EXTI4_IRQHandler                         0x0800011b   Thumb Code     0  startup_stm32f10x_md.o(.text)
    EXTI9_5_IRQHandler                       0x0800011b   Thumb Code     0  startup_stm32f10x_md.o(.text)
    FLASH_IRQHandler                         0x0800011b   Thumb Code     0  startup_stm32f10x_md.o(.text)
    I2C1_ER_IRQHandler                       0x0800011b   Thumb Code     0  startup_stm32f10x_md.o(.text)
    I2C1_EV_IRQHandler                       0x0800011b   Thumb Code     0  startup_stm32f10x_md.o(.text)
    I2C2_ER_IRQHandler                       0x0800011b   Thumb Code     0  startup_stm32f10x_md.o(.text)
    I2C2_EV_IRQHandler                       0x0800011b   Thumb Code     0  startup_stm32f10x_md.o(.text)
    PVD_IRQHandler                           0x0800011b   Thumb Code     0  startup_stm32f10x_md.o(.text)
    RCC_IRQHandler                           0x0800011b   Thumb Code     0  startup_stm32f10x_md.o(.text)
    RTCAlarm_IRQHandler                      0x0800011b   Thumb Code     0  startup_stm32f10x_md.o(.text)
    SPI1_IRQHandler                          0x0800011b   Thumb Code     0  startup_stm32f10x_md.o(.text)
    SPI2_IRQHandler                          0x0800011b   Thumb Code     0  startup_stm32f10x_md.o(.text)
    TAMPER_IRQHandler                        0x0800011b   Thumb Code     0  startup_stm32f10x_md.o(.text)
    TIM1_BRK_IRQHandler                      0x0800011b   Thumb Code     0  startup_stm32f10x_md.o(.text)
    TIM1_CC_IRQHandler                       0x0800011b   Thumb Code     0  startup_stm32f10x_md.o(.text)
    TIM1_TRG_COM_IRQHandler                  0x0800011b   Thumb Code     0  startup_stm32f10x_md.o(.text)
    TIM1_UP_IRQHandler                       0x0800011b   Thumb Code     0  startup_stm32f10x_md.o(.text)
    TIM2_IRQHandler                          0x0800011b   Thumb Code     0  startup_stm32f10x_md.o(.text)
    TIM3_IRQHandler                          0x0800011b   Thumb Code     0  startup_stm32f10x_md.o(.text)
    TIM4_IRQHandler                          0x0800011b   Thumb Code     0  startup_stm32f10x_md.o(.text)
    USBWakeUp_IRQHandler                     0x0800011b   Thumb Code     0  startup_stm32f10x_md.o(.text)
    USB_HP_CAN1_TX_IRQHandler                0x0800011b   Thumb Code     0  startup_stm32f10x_md.o(.text)
    USB_LP_CAN1_RX0_IRQHandler               0x0800011b   Thumb Code     0  startup_stm32f10x_md.o(.text)
    WWDG_IRQHandler                          0x0800011b   Thumb Code     0  startup_stm32f10x_md.o(.text)
    main                                     0x08000125   Thumb Code    18  main.o(.text)
    fputc                                    0x08000137   Thumb Code    32  main.o(.text)
    NMI_Handler                              0x0800015d   Thumb Code     2  stm32f10x_it.o(.text)
    HardFault_Handler                        0x0800015f   Thumb Code     4  stm32f10x_it.o(.text)
    MemManage_Handler                        0x08000163   Thumb Code     4  stm32f10x_it.o(.text)
    BusFault_Handler                         0x08000167   Thumb Code     4  stm32f10x_it.o(.text)
    UsageFault_Handler                       0x0800016b   Thumb Code     4  stm32f10x_it.o(.text)
    SVC_Handler                              0x0800016f   Thumb Code     2  stm32f10x_it.o(.text)
    DebugMon_Handler                         0x08000171   Thumb Code     2  stm32f10x_it.o(.text)
    PendSV_Handler                           0x08000173   Thumb Code     2  stm32f10x_it.o(.text)
    SysTick_Handler                          0x08000175   Thumb Code    90  stm32f10x_it.o(.text)
    Struct_Init                              0x080001d9   Thumb Code   250  smartbox.o(.text)
    LCD12864_Disp_Frame                      0x080002d3   Thumb Code    56  smartbox.o(.text)
    Self_Check                               0x0800030b   Thumb Code   334  smartbox.o(.text)
    Num2Ascii                                0x08000459   Thumb Code    34  smartbox.o(.text)
    Refresh_Usable_Num                       0x0800047b   Thumb Code   106  smartbox.o(.text)
    Sys_Init                                 0x080004e5   Thumb Code    82  smartbox.o(.text)
    Box_Find                                 0x08000537   Thumb Code    98  smartbox.o(.text)
    Pwd_Create                               0x08000599   Thumb Code   338  smartbox.o(.text)
    Pwd_Match                                0x080006eb   Thumb Code    98  smartbox.o(.text)
    Admin_Match                              0x0800074d   Thumb Code    48  smartbox.o(.text)
    send_pwd2_pc                             0x0800077d   Thumb Code    50  smartbox.o(.text)
    ReadData_WriteFlash                      0x080007af   Thumb Code    76  smartbox.o(.text)
    Group_Num_Check                          0x080007fb   Thumb Code    50  smartbox.o(.text)
    Order_Check                              0x0800082d   Thumb Code    90  smartbox.o(.text)
    Hmi_Handler                              0x08000887   Thumb Code  1118  smartbox.o(.text)
    Bar_Handler                              0x08000ce5   Thumb Code   210  smartbox.o(.text)
    Main_Process                             0x08000db7   Thumb Code   136  smartbox.o(.text)
    NVIC_PriorityGroupConfig                 0x08000ebd   Thumb Code    10  misc.o(.text)
    NVIC_Init                                0x08000ec7   Thumb Code   100  misc.o(.text)
    NVIC_SetVectorTable                      0x08000f2b   Thumb Code    14  misc.o(.text)
    NVIC_SystemLPConfig                      0x08000f39   Thumb Code    34  misc.o(.text)
    SysTick_CLKSourceConfig                  0x08000f5b   Thumb Code    40  misc.o(.text)
    BKP_DeInit                               0x08000f99   Thumb Code    16  stm32f10x_bkp.o(.text)
    BKP_TamperPinLevelConfig                 0x08000fa9   Thumb Code     6  stm32f10x_bkp.o(.text)
    BKP_TamperPinCmd                         0x08000faf   Thumb Code     8  stm32f10x_bkp.o(.text)
    BKP_ITConfig                             0x08000fb7   Thumb Code     8  stm32f10x_bkp.o(.text)
    BKP_RTCOutputConfig                      0x08000fbf   Thumb Code    22  stm32f10x_bkp.o(.text)
    BKP_SetRTCCalibrationValue               0x08000fd5   Thumb Code    22  stm32f10x_bkp.o(.text)
    BKP_WriteBackupRegister                  0x08000feb   Thumb Code    24  stm32f10x_bkp.o(.text)
    BKP_ReadBackupRegister                   0x08001003   Thumb Code    26  stm32f10x_bkp.o(.text)
    BKP_GetFlagStatus                        0x0800101d   Thumb Code    10  stm32f10x_bkp.o(.text)
    BKP_ClearFlag                            0x08001027   Thumb Code    18  stm32f10x_bkp.o(.text)
    BKP_GetITStatus                          0x08001039   Thumb Code    10  stm32f10x_bkp.o(.text)
    BKP_ClearITPendingBit                    0x08001043   Thumb Code    18  stm32f10x_bkp.o(.text)
    GPIO_DeInit                              0x0800105d   Thumb Code   172  stm32f10x_gpio.o(.text)
    GPIO_AFIODeInit                          0x08001109   Thumb Code    20  stm32f10x_gpio.o(.text)
    GPIO_Init                                0x0800111d   Thumb Code   278  stm32f10x_gpio.o(.text)
    GPIO_StructInit                          0x08001233   Thumb Code    16  stm32f10x_gpio.o(.text)
    GPIO_ReadInputDataBit                    0x08001243   Thumb Code    18  stm32f10x_gpio.o(.text)
    GPIO_ReadInputData                       0x08001255   Thumb Code     8  stm32f10x_gpio.o(.text)
    GPIO_ReadOutputDataBit                   0x0800125d   Thumb Code    18  stm32f10x_gpio.o(.text)
    GPIO_ReadOutputData                      0x0800126f   Thumb Code     8  stm32f10x_gpio.o(.text)
    GPIO_SetBits                             0x08001277   Thumb Code     4  stm32f10x_gpio.o(.text)
    GPIO_ResetBits                           0x0800127b   Thumb Code     4  stm32f10x_gpio.o(.text)
    GPIO_WriteBit                            0x0800127f   Thumb Code    10  stm32f10x_gpio.o(.text)
    GPIO_Write                               0x08001289   Thumb Code     4  stm32f10x_gpio.o(.text)
    GPIO_PinLockConfig                       0x0800128d   Thumb Code    18  stm32f10x_gpio.o(.text)
    GPIO_EventOutputConfig                   0x0800129f   Thumb Code    26  stm32f10x_gpio.o(.text)
    GPIO_EventOutputCmd                      0x080012b9   Thumb Code     6  stm32f10x_gpio.o(.text)
    GPIO_PinRemapConfig                      0x080012bf   Thumb Code   138  stm32f10x_gpio.o(.text)
    GPIO_EXTILineConfig                      0x08001349   Thumb Code    66  stm32f10x_gpio.o(.text)
    GPIO_ETH_MediaInterfaceConfig            0x0800138b   Thumb Code     8  stm32f10x_gpio.o(.text)
    PWR_DeInit                               0x080013b9   Thumb Code    22  stm32f10x_pwr.o(.text)
    PWR_BackupAccessCmd                      0x080013cf   Thumb Code     6  stm32f10x_pwr.o(.text)
    PWR_PVDCmd                               0x080013d5   Thumb Code     6  stm32f10x_pwr.o(.text)
    PWR_PVDLevelConfig                       0x080013db   Thumb Code    18  stm32f10x_pwr.o(.text)
    PWR_WakeUpPinCmd                         0x080013ed   Thumb Code     8  stm32f10x_pwr.o(.text)
    PWR_EnterSTOPMode                        0x080013f5   Thumb Code    54  stm32f10x_pwr.o(.text)
    PWR_EnterSTANDBYMode                     0x0800142b   Thumb Code    42  stm32f10x_pwr.o(.text)
    PWR_GetFlagStatus                        0x08001455   Thumb Code    20  stm32f10x_pwr.o(.text)
    PWR_ClearFlag                            0x08001469   Thumb Code    14  stm32f10x_pwr.o(.text)
    RCC_DeInit                               0x08001485   Thumb Code    64  stm32f10x_rcc.o(.text)
    RCC_HSEConfig                            0x080014c5   Thumb Code    70  stm32f10x_rcc.o(.text)
    RCC_GetFlagStatus                        0x0800150b   Thumb Code    56  stm32f10x_rcc.o(.text)
    RCC_WaitForHSEStartUp                    0x08001543   Thumb Code    56  stm32f10x_rcc.o(.text)
    RCC_AdjustHSICalibrationValue            0x0800157b   Thumb Code    20  stm32f10x_rcc.o(.text)
    RCC_HSICmd                               0x0800158f   Thumb Code     6  stm32f10x_rcc.o(.text)
    RCC_PLLConfig                            0x08001595   Thumb Code    24  stm32f10x_rcc.o(.text)
    RCC_PLLCmd                               0x080015ad   Thumb Code     6  stm32f10x_rcc.o(.text)
    RCC_SYSCLKConfig                         0x080015b3   Thumb Code    18  stm32f10x_rcc.o(.text)
    RCC_GetSYSCLKSource                      0x080015c5   Thumb Code    10  stm32f10x_rcc.o(.text)
    RCC_HCLKConfig                           0x080015cf   Thumb Code    18  stm32f10x_rcc.o(.text)
    RCC_PCLK1Config                          0x080015e1   Thumb Code    18  stm32f10x_rcc.o(.text)
    RCC_PCLK2Config                          0x080015f3   Thumb Code    20  stm32f10x_rcc.o(.text)
    RCC_ITConfig                             0x08001607   Thumb Code    26  stm32f10x_rcc.o(.text)
    RCC_USBCLKConfig                         0x08001621   Thumb Code     8  stm32f10x_rcc.o(.text)
    RCC_ADCCLKConfig                         0x08001629   Thumb Code    18  stm32f10x_rcc.o(.text)
    RCC_LSEConfig                            0x0800163b   Thumb Code    50  stm32f10x_rcc.o(.text)
    RCC_LSICmd                               0x0800166d   Thumb Code     6  stm32f10x_rcc.o(.text)
    RCC_RTCCLKConfig                         0x08001673   Thumb Code    12  stm32f10x_rcc.o(.text)
    RCC_RTCCLKCmd                            0x0800167f   Thumb Code     8  stm32f10x_rcc.o(.text)
    RCC_GetClocksFreq                        0x08001687   Thumb Code   192  stm32f10x_rcc.o(.text)
    RCC_AHBPeriphClockCmd                    0x08001747   Thumb Code    26  stm32f10x_rcc.o(.text)
    RCC_APB2PeriphClockCmd                   0x08001761   Thumb Code    26  stm32f10x_rcc.o(.text)
    RCC_APB1PeriphClockCmd                   0x0800177b   Thumb Code    26  stm32f10x_rcc.o(.text)
    RCC_APB2PeriphResetCmd                   0x08001795   Thumb Code    26  stm32f10x_rcc.o(.text)
    RCC_APB1PeriphResetCmd                   0x080017af   Thumb Code    26  stm32f10x_rcc.o(.text)
    RCC_BackupResetCmd                       0x080017c9   Thumb Code     8  stm32f10x_rcc.o(.text)
    RCC_ClockSecuritySystemCmd               0x080017d1   Thumb Code     6  stm32f10x_rcc.o(.text)
    RCC_MCOConfig                            0x080017d7   Thumb Code     6  stm32f10x_rcc.o(.text)
    RCC_ClearFlag                            0x080017dd   Thumb Code    14  stm32f10x_rcc.o(.text)
    RCC_GetITStatus                          0x080017eb   Thumb Code    20  stm32f10x_rcc.o(.text)
    RCC_ClearITPendingBit                    0x080017ff   Thumb Code     6  stm32f10x_rcc.o(.text)
    RTC_ITConfig                             0x08001829   Thumb Code    26  stm32f10x_rtc.o(.text)
    RTC_EnterConfigMode                      0x08001843   Thumb Code    18  stm32f10x_rtc.o(.text)
    RTC_ExitConfigMode                       0x08001855   Thumb Code    20  stm32f10x_rtc.o(.text)
    RTC_GetCounter                           0x08001869   Thumb Code    18  stm32f10x_rtc.o(.text)
    RTC_SetCounter                           0x0800187b   Thumb Code    26  stm32f10x_rtc.o(.text)
    RTC_SetPrescaler                         0x08001895   Thumb Code    28  stm32f10x_rtc.o(.text)
    RTC_SetAlarm                             0x080018b1   Thumb Code    26  stm32f10x_rtc.o(.text)
    RTC_GetDivider                           0x080018cb   Thumb Code    22  stm32f10x_rtc.o(.text)
    RTC_WaitForLastTask                      0x080018e1   Thumb Code    18  stm32f10x_rtc.o(.text)
    RTC_WaitForSynchro                       0x080018f3   Thumb Code    36  stm32f10x_rtc.o(.text)
    RTC_GetFlagStatus                        0x08001917   Thumb Code    22  stm32f10x_rtc.o(.text)
    RTC_ClearFlag                            0x0800192d   Thumb Code    16  stm32f10x_rtc.o(.text)
    RTC_GetITStatus                          0x0800193d   Thumb Code    32  stm32f10x_rtc.o(.text)
    RTC_ClearITPendingBit                    0x0800195d   Thumb Code    16  stm32f10x_rtc.o(.text)
    USART_DeInit                             0x08001971   Thumb Code   134  stm32f10x_usart.o(.text)
    USART_Init                               0x080019f7   Thumb Code   210  stm32f10x_usart.o(.text)
    USART_StructInit                         0x08001ac9   Thumb Code    24  stm32f10x_usart.o(.text)
    USART_ClockInit                          0x08001ae1   Thumb Code    34  stm32f10x_usart.o(.text)
    USART_ClockStructInit                    0x08001b03   Thumb Code    12  stm32f10x_usart.o(.text)
    USART_Cmd                                0x08001b0f   Thumb Code    24  stm32f10x_usart.o(.text)
    USART_ITConfig                           0x08001b27   Thumb Code    74  stm32f10x_usart.o(.text)
    USART_DMACmd                             0x08001b71   Thumb Code    18  stm32f10x_usart.o(.text)
    USART_SetAddress                         0x08001b83   Thumb Code    18  stm32f10x_usart.o(.text)
    USART_WakeUpConfig                       0x08001b95   Thumb Code    18  stm32f10x_usart.o(.text)
    USART_ReceiverWakeUpCmd                  0x08001ba7   Thumb Code    24  stm32f10x_usart.o(.text)
    USART_LINBreakDetectLengthConfig         0x08001bbf   Thumb Code    18  stm32f10x_usart.o(.text)
    USART_LINCmd                             0x08001bd1   Thumb Code    24  stm32f10x_usart.o(.text)
    USART_SendData                           0x08001be9   Thumb Code     8  stm32f10x_usart.o(.text)
    USART_ReceiveData                        0x08001bf1   Thumb Code    10  stm32f10x_usart.o(.text)
    USART_SendBreak                          0x08001bfb   Thumb Code    10  stm32f10x_usart.o(.text)
    USART_SetGuardTime                       0x08001c05   Thumb Code    16  stm32f10x_usart.o(.text)
    USART_SetPrescaler                       0x08001c15   Thumb Code    16  stm32f10x_usart.o(.text)
    USART_SmartCardCmd                       0x08001c25   Thumb Code    24  stm32f10x_usart.o(.text)
    USART_SmartCardNACKCmd                   0x08001c3d   Thumb Code    24  stm32f10x_usart.o(.text)
    USART_HalfDuplexCmd                      0x08001c55   Thumb Code    24  stm32f10x_usart.o(.text)
    USART_OverSampling8Cmd                   0x08001c6d   Thumb Code    22  stm32f10x_usart.o(.text)
    USART_OneBitMethodCmd                    0x08001c83   Thumb Code    24  stm32f10x_usart.o(.text)
    USART_IrDAConfig                         0x08001c9b   Thumb Code    18  stm32f10x_usart.o(.text)
    USART_IrDACmd                            0x08001cad   Thumb Code    24  stm32f10x_usart.o(.text)
    USART_GetFlagStatus                      0x08001cc5   Thumb Code    26  stm32f10x_usart.o(.text)
    USART_ClearFlag                          0x08001cdf   Thumb Code    18  stm32f10x_usart.o(.text)
    USART_GetITStatus                        0x08001cf1   Thumb Code    84  stm32f10x_usart.o(.text)
    USART_ClearITPendingBit                  0x08001d45   Thumb Code    52  stm32f10x_usart.o(.text)
    SystemInit                               0x08001e57   Thumb Code    78  system_stm32f10x.o(.text)
    SystemCoreClockUpdate                    0x08001ea5   Thumb Code   142  system_stm32f10x.o(.text)
    USART1_Config                            0x08001f59   Thumb Code   138  usart.o(.text)
    USART2_Config                            0x08001fe3   Thumb Code   134  usart.o(.text)
    USART3_Config                            0x08002069   Thumb Code   138  usart.o(.text)
    UART4_Config                             0x080020f3   Thumb Code   138  usart.o(.text)
    UART5_Config                             0x0800217d   Thumb Code   142  usart.o(.text)
    NVIC_Configuration                       0x0800220b   Thumb Code   162  usart.o(.text)
    USART_Send                               0x080022ad   Thumb Code    38  usart.o(.text)
    USART1_IRQHandler                        0x080022d3   Thumb Code   130  usart.o(.text)
    USART2_IRQHandler                        0x08002355   Thumb Code    90  usart.o(.text)
    USART3_IRQHandler                        0x080023af   Thumb Code   118  usart.o(.text)
    UART4_IRQHandler                         0x08002425   Thumb Code    88  usart.o(.text)
    UART5_IRQHandler                         0x0800247d   Thumb Code   116  usart.o(.text)
    Hmi_Send                                 0x08002501   Thumb Code   104  hmi.o(.text)
    Hmi_Send_reg                             0x08002569   Thumb Code   100  hmi.o(.text)
    Hmi_Page_Switch                          0x080025cd   Thumb Code    30  hmi.o(.text)
    Hmi_Init                                 0x080025eb   Thumb Code   254  hmi.o(.text)
    Hmi_RTC_Read                             0x080026e9   Thumb Code    96  hmi.o(.text)
    LCD12864_GPIO_TEST                       0x080027a1   Thumb Code   112  lcd12864.o(.text)
    LCD12864_GPIO_Config                     0x08002811   Thumb Code    42  lcd12864.o(.text)
    LCD12864_Start                           0x0800283b   Thumb Code   148  lcd12864.o(.text)
    LCD12864_Write_Byte                      0x080028cf   Thumb Code   216  lcd12864.o(.text)
    LCD12864_Set_xy                          0x080029a7   Thumb Code    98  lcd12864.o(.text)
    LCD12864_Write_CGRAM                     0x08002a09   Thumb Code    74  lcd12864.o(.text)
    Display_CGRAM                            0x08002a53   Thumb Code    40  lcd12864.o(.text)
    LCD12864_Display_String                  0x08002a7b   Thumb Code    46  lcd12864.o(.text)
    LCD12864_Display_String_Assign           0x08002aa9   Thumb Code    52  lcd12864.o(.text)
    LCD12864_Display_GDRAM                   0x08002add   Thumb Code   462  lcd12864.o(.text)
    LCD12864_Clear                           0x08002cab   Thumb Code    12  lcd12864.o(.text)
    LCD12864_Init                            0x08002cb7   Thumb Code   104  lcd12864.o(.text)
    LED_GPIO_Config                          0x08002d51   Thumb Code    40  led.o(.text)
    Decoder_Output                           0x08002d7d   Thumb Code    34  lock.o(.text)
    Decoder_GPIO_Config                      0x08002d9f   Thumb Code    44  lock.o(.text)
    Lock_Test                                0x08002dcb   Thumb Code    30  lock.o(.text)
    Lock_Open                                0x08002de9   Thumb Code    28  lock.o(.text)
    Sim900a_Send                             0x08002e09   Thumb Code    30  sim900a.o(.text)
    Sim900a_Init                             0x08002e27   Thumb Code   704  sim900a.o(.text)
    Sim900a_Str_Cmp                          0x080030e7   Thumb Code    74  sim900a.o(.text)
    Sim900a_Send_Len                         0x08003131   Thumb Code    36  sim900a.o(.text)
    Sim900a_Send_Message                     0x08003155   Thumb Code   632  sim900a.o(.text)
    SYN_FrameInfo                            0x080033dd   Thumb Code   120  syn6288.o(.text)
    SYN_Set                                  0x08003455   Thumb Code    26  syn6288.o(.text)
    SYN_GPIO_Init                            0x0800346f   Thumb Code    32  syn6288.o(.text)
    SYN_Init                                 0x0800348f   Thumb Code   146  syn6288.o(.text)
    SYN_Send                                 0x08003521   Thumb Code    58  syn6288.o(.text)
    SYSTICK_Init                             0x080035cd   Thumb Code    92  systick.o(.text)
    Delay_us                                 0x08003629   Thumb Code    28  systick.o(.text)
    Delay_ms                                 0x08003645   Thumb Code    30  systick.o(.text)
    I2C_Configuration                        0x08003671   Thumb Code    38  24c02.o(.text)
    I2C_WriteByte                            0x08003887   Thumb Code    78  24c02.o(.text)
    I2C_ReadByte                             0x080038d5   Thumb Code   130  24c02.o(.text)
    I2C_EEPROM_Init                          0x08003957   Thumb Code    92  24c02.o(.text)
    I2C_Test                                 0x080039b3   Thumb Code    68  24c02.o(.text)
    LV4CCD_Init                              0x08003a05   Thumb Code   100  ccd.o(.text)
    Time_ConvUnixToCalendar                  0x08003a75   Thumb Code    32  rtc.o(.text)
    Time_ConvCalendarToUnix                  0x08003a95   Thumb Code    24  rtc.o(.text)
    Time_GetUnixTime                         0x08003aad   Thumb Code     8  rtc.o(.text)
    Time_GetCalendarTime                     0x08003ab5   Thumb Code    34  rtc.o(.text)
    Time_SetUnixTime                         0x08003ad7   Thumb Code    20  rtc.o(.text)
    Time_SetCalendarTime                     0x08003aeb   Thumb Code    38  rtc.o(.text)
    RTC_Init                                 0x08003b8b   Thumb Code   314  rtc.o(.text)
    Time_Init                                0x08003cc5   Thumb Code    78  rtc.o(.text)
    RTC_IRQHandler                           0x08003d13   Thumb Code    18  rtc.o(.text)
    rand                                     0x08003d2d   Thumb Code    20  rand.o(.text)
    srand                                    0x08003d41   Thumb Code     6  rand.o(.text)
    mktime                                   0x08003d51   Thumb Code   150  mktime.o(.text)
    __aeabi_memcpy                           0x08003df9   Thumb Code    36  memcpya.o(.text)
    __aeabi_memcpy4                          0x08003df9   Thumb Code     0  memcpya.o(.text)
    __aeabi_memcpy8                          0x08003df9   Thumb Code     0  memcpya.o(.text)
    __aeabi_memset                           0x08003e1d   Thumb Code    14  memseta.o(.text)
    __aeabi_memset4                          0x08003e1d   Thumb Code     0  memseta.o(.text)
    __aeabi_memset8                          0x08003e1d   Thumb Code     0  memseta.o(.text)
    __aeabi_memclr                           0x08003e2b   Thumb Code     4  memseta.o(.text)
    __aeabi_memclr4                          0x08003e2b   Thumb Code     0  memseta.o(.text)
    __aeabi_memclr8                          0x08003e2b   Thumb Code     0  memseta.o(.text)
    _memset$wrapper                          0x08003e2f   Thumb Code    18  memseta.o(.text)
    strlen                                   0x08003e41   Thumb Code    14  strlen.o(.text)
    __aeabi_dmul                             0x08003e4f   Thumb Code   228  dmul.o(.text)
    __aeabi_ddiv                             0x08003f33   Thumb Code   222  ddiv.o(.text)
    __aeabi_i2d                              0x08004011   Thumb Code    34  dflti.o(.text)
    __aeabi_d2iz                             0x08004033   Thumb Code    62  dfixi.o(.text)
    __aeabi_llsr                             0x08004071   Thumb Code    32  llushr.o(.text)
    _ll_ushift_r                             0x08004071   Thumb Code     0  llushr.o(.text)
    localtime                                0x08004091   Thumb Code     6  localtime_w.o(.text)
    _localtime                               0x0800409d   Thumb Code   134  localtime_i.o(.text)
    __I$use$fp                               0x08004129   Thumb Code     0  iusefp.o(.text)
    _double_round                            0x08004129   Thumb Code    30  depilogue.o(.text)
    _double_epilogue                         0x08004147   Thumb Code   156  depilogue.o(.text)
    __scatterload                            0x080041e5   Thumb Code    28  init.o(.text)
    __scatterload_rt2                        0x080041e5   Thumb Code     0  init.o(.text)
    __aeabi_llsl                             0x08004209   Thumb Code    30  llshl.o(.text)
    _ll_shift_l                              0x08004209   Thumb Code     0  llshl.o(.text)
    __decompress                             0x08004227   Thumb Code     0  __dczerorl2.o(.text)
    __decompress1                            0x08004227   Thumb Code    86  __dczerorl2.o(.text)
    __0printf$2                              0x0800427d   Thumb Code    22  printf2.o(i.__0printf$2)
    __1printf$2                              0x0800427d   Thumb Code     0  printf2.o(i.__0printf$2)
    __2printf                                0x0800427d   Thumb Code     0  printf2.o(i.__0printf$2)
    __scatterload_copy                       0x0800429d   Thumb Code    14  handlers.o(i.__scatterload_copy)
    __scatterload_null                       0x080042ab   Thumb Code     2  handlers.o(i.__scatterload_null)
    __scatterload_zeroinit                   0x080042ad   Thumb Code    14  handlers.o(i.__scatterload_zeroinit)
    Region$$Table$$Base                      0x080043fc   Number         0  anon$$obj.o(Region$$Table)
    Region$$Table$$Limit                     0x0800441c   Number         0  anon$$obj.o(Region$$Table)
    Systick_Counter                          0x20000000   Data           2  stm32f10x_it.o(.data)
    Icon_Data                                0x20000002   Data          16  smartbox.o(.data)
    Ascii_buf                                0x20000012   Data           2  smartbox.o(.data)
    SystemCoreClock                          0x2000002c   Data           4  system_stm32f10x.o(.data)
    AHBPrescTable                            0x20000030   Data          16  system_stm32f10x.o(.data)
    Text_Message                             0x20000040   Data         241  sim900a.o(.data)
    Receiver                                 0x20000131   Data          57  sim900a.o(.data)
    SYN_StopCom                              0x2000016a   Data           5  syn6288.o(.data)
    SYN_SuspendCom                           0x2000016f   Data           5  syn6288.o(.data)
    SYN_RecoverCom                           0x20000174   Data           5  syn6288.o(.data)
    SYN_ChackCom                             0x20000179   Data           5  syn6288.o(.data)
    SYN_PowerDownCom                         0x2000017e   Data           5  syn6288.o(.data)
    SYN_Baud9600                             0x20000183   Data           5  syn6288.o(.data)
    SYN_Baud19200                            0x20000188   Data           6  syn6288.o(.data)
    __stdout                                 0x20000194   Data           4  stdout.o(.data)
    SmartBox_Arg                             0x20000198   Data          68  smartbox.o(.bss)
    SmartBox_DataBase                        0x200001dc   Data         189  smartbox.o(.bss)
    Hist_DataBase                            0x20000299   Data        2600  smartbox.o(.bss)
    UART_DATA                                0x20000cc1   Data         128  usart.o(.bss)
    WriteBuffer                              0x20000d41   Data         255  24c02.o(.bss)
    ReadBuffer                               0x20000e40   Data         255  24c02.o(.bss)
    __initial_sp                             0x20001370   Data           0  startup_stm32f10x_md.o(STACK)



==============================================================================

Memory Map of the image

  Image Entry point : 0x080000ed

  Load Region LR_IROM1 (Base: 0x08000000, Size: 0x000045b4, Max: 0x00040000, ABSOLUTE, COMPRESSED[0x00004544])

    Execution Region ER_IROM1 (Base: 0x08000000, Size: 0x0000441c, Max: 0x00040000, ABSOLUTE)

    Base Addr    Size         Type   Attr      Idx    E Section Name        Object

    0x08000000   0x000000ec   Data   RO            3    RESET               startup_stm32f10x_md.o
    0x080000ec   0x00000000   Code   RO          703  * .ARM.Collect$$$$00000000  mc_w.l(entry.o)
    0x080000ec   0x00000004   Code   RO          993    .ARM.Collect$$$$00000001  mc_w.l(entry2.o)
    0x080000f0   0x00000004   Code   RO          996    .ARM.Collect$$$$00000004  mc_w.l(entry5.o)
    0x080000f4   0x00000000   Code   RO          998    .ARM.Collect$$$$00000008  mc_w.l(entry7b.o)
    0x080000f4   0x00000000   Code   RO         1000    .ARM.Collect$$$$0000000A  mc_w.l(entry8b.o)
    0x080000f4   0x00000008   Code   RO         1001    .ARM.Collect$$$$0000000B  mc_w.l(entry9a.o)
    0x080000fc   0x00000000   Code   RO         1003    .ARM.Collect$$$$0000000D  mc_w.l(entry10a.o)
    0x080000fc   0x00000000   Code   RO         1005    .ARM.Collect$$$$0000000F  mc_w.l(entry11a.o)
    0x080000fc   0x00000004   Code   RO          994    .ARM.Collect$$$$00002712  mc_w.l(entry2.o)
    0x08000100   0x00000024   Code   RO            4    .text               startup_stm32f10x_md.o
    0x08000124   0x00000038   Code   RO           10    .text               main.o
    0x0800015c   0x0000007c   Code   RO          169    .text               stm32f10x_it.o
    0x080001d8   0x00000ce4   Code   RO          187    .text               smartbox.o
    0x08000ebc   0x000000dc   Code   RO          211    .text               misc.o
    0x08000f98   0x000000c4   Code   RO          235    .text               stm32f10x_bkp.o
    0x0800105c   0x0000035c   Code   RO          358    .text               stm32f10x_gpio.o
    0x080013b8   0x000000cc   Code   RO          394    .text               stm32f10x_pwr.o
    0x08001484   0x000003a4   Code   RO          406    .text               stm32f10x_rcc.o
    0x08001828   0x00000148   Code   RO          420    .text               stm32f10x_rtc.o
    0x08001970   0x00000408   Code   RO          468    .text               stm32f10x_usart.o
    0x08001d78   0x000001e0   Code   RO          492    .text               system_stm32f10x.o
    0x08001f58   0x000005a8   Code   RO          529    .text               usart.o
    0x08002500   0x000002a0   Code   RO          558    .text               hmi.o
    0x080027a0   0x000005b0   Code   RO          575    .text               lcd12864.o
    0x08002d50   0x0000002c   Code   RO          590    .text               led.o
    0x08002d7c   0x0000008c   Code   RO          602    .text               lock.o
    0x08002e08   0x000005d4   Code   RO          614    .text               sim900a.o
    0x080033dc   0x000001f0   Code   RO          629    .text               syn6288.o
    0x080035cc   0x000000a4   Code   RO          644    .text               systick.o
    0x08003670   0x00000394   Code   RO          660    .text               24c02.o
    0x08003a04   0x00000070   Code   RO          678    .text               ccd.o
    0x08003a74   0x000002b8   Code   RO          690    .text               rtc.o
    0x08003d2c   0x00000024   Code   RO          706    .text               mc_w.l(rand.o)
    0x08003d50   0x000000a8   Code   RO          713    .text               mc_w.l(mktime.o)
    0x08003df8   0x00000024   Code   RO          716    .text               mc_w.l(memcpya.o)
    0x08003e1c   0x00000024   Code   RO          718    .text               mc_w.l(memseta.o)
    0x08003e40   0x0000000e   Code   RO          720    .text               mc_w.l(strlen.o)
    0x08003e4e   0x000000e4   Code   RO          985    .text               mf_w.l(dmul.o)
    0x08003f32   0x000000de   Code   RO          987    .text               mf_w.l(ddiv.o)
    0x08004010   0x00000022   Code   RO          989    .text               mf_w.l(dflti.o)
    0x08004032   0x0000003e   Code   RO          991    .text               mf_w.l(dfixi.o)
    0x08004070   0x00000020   Code   RO         1012    .text               mc_w.l(llushr.o)
    0x08004090   0x0000000c   Code   RO         1014    .text               mc_w.l(localtime_w.o)
    0x0800409c   0x0000008c   Code   RO         1017    .text               mc_w.l(localtime_i.o)
    0x08004128   0x00000000   Code   RO         1020    .text               mc_w.l(iusefp.o)
    0x08004128   0x000000ba   Code   RO         1021    .text               mf_w.l(depilogue.o)
    0x080041e2   0x00000002   PAD
    0x080041e4   0x00000024   Code   RO         1029    .text               mc_w.l(init.o)
    0x08004208   0x0000001e   Code   RO         1031    .text               mc_w.l(llshl.o)
    0x08004226   0x00000056   Code   RO         1043    .text               mc_w.l(__dczerorl2.o)
    0x0800427c   0x00000020   Code   RO          791    i.__0printf$2       mc_w.l(printf2.o)
    0x0800429c   0x0000000e   Code   RO         1037    i.__scatterload_copy  mc_w.l(handlers.o)
    0x080042aa   0x00000002   Code   RO         1038    i.__scatterload_null  mc_w.l(handlers.o)
    0x080042ac   0x0000000e   Code   RO         1039    i.__scatterload_zeroinit  mc_w.l(handlers.o)
    0x080042ba   0x000000d6   Code   RO          798    i._printf_core      mc_w.l(printf2.o)
    0x08004390   0x0000000d   Data   RO          559    .constdata          hmi.o
    0x0800439d   0x0000000c   Data   RO          714    .constdata          mc_w.l(mktime.o)
    0x080043a9   0x0000000c   Data   RO         1018    .constdata          mc_w.l(localtime_i.o)
    0x080043b5   0x00000003   PAD
    0x080043b8   0x00000041   Data   RO          691    .conststring        rtc.o
    0x080043f9   0x00000003   PAD
    0x080043fc   0x00000020   Data   RO         1035    Region$$Table       anon$$obj.o


    Execution Region RW_IRAM1 (Base: 0x20000000, Size: 0x00001370, Max: 0x0000c000, ABSOLUTE, COMPRESSED[0x00000128])

    Base Addr    Size         Type   Attr      Idx    E Section Name        Object

    0x20000000   0x00000002   Data   RW          170    .data               stm32f10x_it.o
    0x20000002   0x00000013   Data   RW          189    .data               smartbox.o
    0x20000015   0x00000014   Data   RW          407    .data               stm32f10x_rcc.o
    0x20000029   0x00000003   PAD
    0x2000002c   0x00000014   Data   RW          493    .data               system_stm32f10x.o
    0x20000040   0x0000012a   Data   RW          615    .data               sim900a.o
    0x2000016a   0x00000024   Data   RW          630    .data               syn6288.o
    0x2000018e   0x00000002   PAD
    0x20000190   0x00000004   Data   RW          707    .data               mc_w.l(rand.o)
    0x20000194   0x00000004   Data   RW         1007    .data               mc_w.l(stdout.o)
    0x20000198   0x00000b29   Zero   RW          188    .bss                smartbox.o
    0x20000cc1   0x00000080   Zero   RW          530    .bss                usart.o
    0x20000d41   0x000001fe   Zero   RW          661    .bss                24c02.o
    0x20000f3f   0x00000001   PAD
    0x20000f40   0x0000002c   Zero   RW         1015    .bss                mc_w.l(localtime_w.o)
    0x20000f6c   0x00000004   PAD
    0x20000f70   0x00000400   Zero   RW            1    STACK               startup_stm32f10x_md.o


==============================================================================

Image component sizes


      Code (inc. data)   RO Data    RW Data    ZI Data      Debug   Object Name

       916         14          0          0        510       3657   24c02.o
       112         12          0          0          0        634   ccd.o
       672         88         13          0          0       2478   hmi.o
      1456         54          0          0          0       4543   lcd12864.o
        44          4          0          0          0        470   led.o
       140          4          0          0          0       1009   lock.o
        56          6          0          0          0     238013   main.o
       220         22          0          0          0       1893   misc.o
       696          8         65          0          0       2720   rtc.o
      1492        130          0        298          0       3142   sim900a.o
      3300        388          0         19       2857      22487   smartbox.o
        36          8        236          0       1024        924   startup_stm32f10x_md.o
       196          8          0          0          0       3592   stm32f10x_bkp.o
       860         38          0          0          0       5825   stm32f10x_gpio.o
       124         10          0          2          0       1524   stm32f10x_it.o
       204         14          0          0          0       1987   stm32f10x_pwr.o
       932         36          0         20          0       9016   stm32f10x_rcc.o
       328          4          0          0          0       2758   stm32f10x_rtc.o
      1032         22          0          0          0       8552   stm32f10x_usart.o
       496        114          0         36          0       2501   syn6288.o
       480         38          0         20          0       2015   system_stm32f10x.o
       164         14          0          0          0      16140   systick.o
      1448         62          0          0        128       5168   usart.o

    ----------------------------------------------------------------------
     15404       1098        349        400       4520     341048   Object Totals
         0          0         32          0          0          0   (incl. Generated)
         0          0          3          5          1          0   (incl. Padding)

    ----------------------------------------------------------------------

      Code (inc. data)   RO Data    RW Data    ZI Data      Debug   Library Member Name

        86          0          0          0          0          0   __dczerorl2.o
         0          0          0          0          0          0   entry.o
         0          0          0          0          0          0   entry10a.o
         0          0          0          0          0          0   entry11a.o
         8          4          0          0          0          0   entry2.o
         4          0          0          0          0          0   entry5.o
         0          0          0          0          0          0   entry7b.o
         0          0          0          0          0          0   entry8b.o
         8          4          0          0          0          0   entry9a.o
        30          0          0          0          0          0   handlers.o
        36          8          0          0          0         68   init.o
         0          0          0          0          0          0   iusefp.o
        30          0          0          0          0         68   llshl.o
        32          0          0          0          0         68   llushr.o
       140          6         12          0          0         76   localtime_i.o
        12          6          0          0         44         68   localtime_w.o
        36          0          0          0          0         68   memcpya.o
        36          0          0          0          0        108   memseta.o
       168         18         12          0          0         80   mktime.o
       246         10          0          0          0        176   printf2.o
        36         10          0          4          0        136   rand.o
         0          0          0          4          0          0   stdout.o
        14          0          0          0          0         68   strlen.o
       222          0          0          0          0        100   ddiv.o
       186          0          0          0          0        176   depilogue.o
        62          0          0          0          0         80   dfixi.o
        34          0          0          0          0         76   dflti.o
       228          0          0          0          0         96   dmul.o

    ----------------------------------------------------------------------
      1656         66         27          8         48       1512   Library Totals
         2          0          3          0          4          0   (incl. Padding)

    ----------------------------------------------------------------------

      Code (inc. data)   RO Data    RW Data    ZI Data      Debug   Library Name

       922         66         24          8         44        984   mc_w.l
       732          0          0          0          0        528   mf_w.l

    ----------------------------------------------------------------------
      1656         66         27          8         48       1512   Library Totals

    ----------------------------------------------------------------------

==============================================================================


      Code (inc. data)   RO Data    RW Data    ZI Data      Debug   

     17060       1164        376        408       4568     340140   Grand Totals
     17060       1164        376        296       4568     340140   ELF Image Totals (compressed)
     17060       1164        376        296          0          0   ROM Totals

==============================================================================

    Total RO  Size (Code + RO Data)                17436 (  17.03kB)
    Total RW  Size (RW Data + ZI Data)              4976 (   4.86kB)
    Total ROM Size (Code + RO Data + RW Data)      17732 (  17.32kB)

==============================================================================

