<html>
<body>
<pre>
<h1>µVision Build Log</h1>
<h2>Tool Versions:</h2>
IDE-Version: ¦ÌVision V5.14.2.1
Copyright (C) 2015 ARM Ltd and ARM Germany GmbH. All rights reserved.
License Information: Cortex-M3, oarap, LIC=IK12Z-JQ8UE-I5KTC-7W2CZ-HLE27-3XCRM
 
Tool Versions:
Toolchain:       MDK-ARM Standard  Version: 5.18a
Toolchain Path:  D:\Program Files (x86)\Keil_v5\ARM\ARMCC\Bin
C Compiler:      Armcc.exe V5.06 update 1 (build 61)
Assembler:       Armasm.exe V5.06 update 1 (build 61)
Linker/Locator:  ArmLink.exe V5.06 update 1 (build 61)
Library Manager: ArmAr.exe V5.06 update 1 (build 61)
Hex Converter:   FromElf.exe V5.06 update 1 (build 61)
CPU DLL:         SARMCM3.DLL V5.18a
Dialog DLL:      DCM.DLL V1.13.6.0
Target DLL:      UL2CM3.DLL V1.157.10.0
Dialog DLL:      TCM.DLL V1.14.8.0
 
<h2>Project:</h2>
D:\desktop\smartbox\1.source\host\Project\MDK-ARM\USART_DEMO.uvprojx
Project File Date:  05/22/2016

<h2>Output:</h2>
*** Using Compiler 'V5.06 update 1 (build 61)', folder: 'D:\Program Files (x86)\Keil_v5\ARM\ARMCC\Bin'
Build target 'USART_DEMO'
compiling hmi.c...
linking...
Program Size: Code=17060 RO-data=376 RW-data=408 ZI-data=4568  
FromELF: creating hex file...
".\obj\USART_DEMO.axf" - 0 Error(s), 0 Warning(s).

<h2>Collection of Component include folders:</h2>
  D:\desktop\smartbox\1.source\host\Project\MDK-ARM\RTE
  D:\Program Files (x86)\Keil_v5\Keil\STM32F1xx_DFP\2.1.0\Device\Include

<h2>Collection of Component Files used:</h2>
</pre>
</body>
</html>
